Traceback (most recent call last):
  File "D:\anaconda3\envs\vib_book\lib\site-packages\jupyter_cache\executors\utils.py", line 58, in single_nb_execution
    executenb(
  File "D:\anaconda3\envs\vib_book\lib\site-packages\nbclient\client.py", line 1323, in execute
    return NotebookClient(nb=nb, resources=resources, km=km, **kwargs).execute()
  File "D:\anaconda3\envs\vib_book\lib\site-packages\jupyter_core\utils\__init__.py", line 165, in wrapped
    return loop.run_until_complete(inner)
  File "D:\anaconda3\envs\vib_book\lib\asyncio\base_events.py", line 649, in run_until_complete
    return future.result()
  File "D:\anaconda3\envs\vib_book\lib\site-packages\nbclient\client.py", line 709, in async_execute
    await self.async_execute_cell(
  File "D:\anaconda3\envs\vib_book\lib\site-packages\nbclient\client.py", line 1062, in async_execute_cell
    await self._check_raise_for_error(cell, cell_index, exec_reply)
  File "D:\anaconda3\envs\vib_book\lib\site-packages\nbclient\client.py", line 918, in _check_raise_for_error
    raise CellExecutionError.from_cell_and_msg(cell, exec_reply_content)
nbclient.exceptions.CellExecutionError: An error occurred while executing the following cell:
------------------
import numpy as np
import json
from IPython.display import display, HTML

# 1. 基础物理参数设置
t = np.linspace(0, 10, 1200)  # 时间从 0 到 10 秒
omega_n = 10.0              # 固有频率
x0 = 1.0                    # 初始位移
zeta_init = 0.06

zeta_values = np.round(np.arange(0.0, 1.5001, 0.02), 2)
init_active = int(np.argmin(np.abs(zeta_values - zeta_init)))
t_values = np.round(t, 5).tolist()
tick_labels = [f"{value:.1f}" for value in np.arange(0.0, 1.51, 0.1)]
tick_values = np.round(np.arange(0.0, 1.51, 0.1), 1).tolist()
minor_tick_values = [float(value) for value in zeta_values if not np.isclose((value * 100) % 10, 0)]

html = f"""
<script src="https://cdn.plot.ly/plotly-2.35.2.min.js"></script>
<style>
  #free-vibration-demo input[type="range"] {{
    -webkit-appearance: none;
    appearance: none;
    width: 100%;
    height: 6px;
    border-radius: 999px;
    background: rgba(148, 163, 184, 0.35);
    outline: none;
  }}

  #free-vibration-demo input[type="range"]::-webkit-slider-runnable-track {{
    height: 6px;
    border-radius: 999px;
    background: rgba(148, 163, 184, 0.35);
  }}

  #free-vibration-demo input[type="range"]::-webkit-slider-thumb {{
    -webkit-appearance: none;
    appearance: none;
    width: 18px;
    height: 18px;
    border-radius: 50%;
    background: #0f766e;
    border: 3px solid #ffffff;
    box-shadow: 0 4px 12px rgba(15, 118, 110, 0.28);
    margin-top: -6px;
    cursor: pointer;
  }}

  #free-vibration-demo input[type="range"]::-moz-range-track {{
    height: 6px;
    border: none;
    border-radius: 999px;
    background: rgba(148, 163, 184, 0.35);
  }}

  #free-vibration-demo input[type="range"]::-moz-range-progress {{
    height: 6px;
    border-radius: 999px;
    background: rgba(148, 163, 184, 0.35);
  }}

  #free-vibration-demo input[type="range"]::-moz-range-thumb {{
    width: 18px;
    height: 18px;
    border-radius: 50%;
    background: #0f766e;
    border: 3px solid #ffffff;
    box-shadow: 0 4px 12px rgba(15, 118, 110, 0.28);
    cursor: pointer;
  }}
</style>
<div id="free-vibration-demo" style="
    max-width: 1080px;
    margin: 1.2rem auto;
    padding: 1rem 1rem 0.8rem;
    border-radius: 22px;
    background: linear-gradient(145deg, #f7fffd 0%, #eef7ff 100%);
    box-shadow: 0 18px 45px rgba(15, 23, 42, 0.10);
    border: 1px solid rgba(148, 163, 184, 0.18);
    font-family: 'Segoe UI', 'PingFang SC', 'Microsoft YaHei', sans-serif;
">
  <div style="
      display: grid;
      grid-template-columns: repeat(4, minmax(0, 1fr));
      gap: 0.75rem;
      margin: 0 0 0.9rem;
  ">
    <div style="padding: 0.8rem 0.95rem; border-radius: 16px; background: rgba(255,255,255,0.78); border: 1px solid rgba(15,118,110,0.10);">
      <div style="font-size: 12px; color: #64748b; text-transform: uppercase; letter-spacing: 0.08em;">无阻尼</div>
      <div style="margin-top: 0.3rem; font-size: 14px; color: #0f172a;">持续等幅振荡，系统不耗能。</div>
    </div>
    <div style="padding: 0.8rem 0.95rem; border-radius: 16px; background: rgba(255,255,255,0.78); border: 1px solid rgba(15,118,110,0.10);">
      <div style="font-size: 12px; color: #64748b; text-transform: uppercase; letter-spacing: 0.08em;">欠阻尼</div>
      <div style="margin-top: 0.3rem; font-size: 14px; color: #0f172a;">仍会振荡，但振幅会随时间逐渐衰减。</div>
    </div>
    <div style="padding: 0.8rem 0.95rem; border-radius: 16px; background: rgba(255,255,255,0.78); border: 1px solid rgba(15,118,110,0.10);">
      <div style="font-size: 12px; color: #64748b; text-transform: uppercase; letter-spacing: 0.08em;">临界阻尼</div>
      <div style="margin-top: 0.3rem; font-size: 14px; color: #0f172a;">不振荡，并以最快速度回到平衡位置。</div>
    </div>
    <div style="padding: 0.8rem 0.95rem; border-radius: 16px; background: rgba(255,255,255,0.78); border: 1px solid rgba(15,118,110,0.10);">
      <div style="font-size: 12px; color: #64748b; text-transform: uppercase; letter-spacing: 0.08em;">过阻尼</div>
      <div style="margin-top: 0.3rem; font-size: 14px; color: #0f172a;">不振荡，极其缓慢地回到平衡位置。</div>
    </div>
  </div>

  <div style="
      padding: 0.2rem 0.35rem 0.8rem;
  ">
    <div style="display:flex; justify-content:space-between; align-items:center; gap:0.8rem; margin-bottom:0.45rem; flex-wrap:wrap;">
      <label for="fv-zeta-slider" style="font-size: 14px; color: #334155; font-weight: 700;">
        当前阻尼比
        <span id="fv-zeta" style="margin-left:0.5rem; color:#0f766e;">ζ = 0.20</span>
        <span id="fv-state" style="margin-left:0.7rem; color:#0f172a;">系统状态：欠阻尼</span>
      </label>
    </div>
    <input id="fv-zeta-slider" type="range" min="0" max="{len(zeta_values) - 1}" step="1" value="{init_active}">
    <div style="position:relative; height:14px; margin-top:0.25rem;">
      <div style="position:absolute; left:9px; right:9px; top:0; bottom:0;">
        {"".join(
            f"<span style='position:absolute; left:{(value / 1.5) * 100:.4f}%; transform:translateX(-50%); top:4px; width:1px; height:6px; background:rgba(148,163,184,0.65);'></span>"
            for value in minor_tick_values
        )}
        {"".join(
            f"<span style='position:absolute; left:{(value / 1.5) * 100:.4f}%; transform:translateX(-50%); top:1px; width:1.6px; height:11px; background:rgba(100,116,139,0.86);'></span>"
            for value in tick_values
        )}
      </div>
    </div>
    <div style="position:relative; height:18px; margin-top:0.35rem; font-size:12px; color:#64748b;">
      <div style="position:absolute; left:9px; right:9px; top:0; bottom:0;">
        {"".join(
            (
                f"<span style='position:absolute; left:{(value / 1.5) * 100:.4f}%; "
                + ("transform:translateX(-50%);" if value not in (0.0, 1.5) else ("transform:none;" if value == 0.0 else "transform:translateX(-100%);"))
                + f" white-space:nowrap;'>{label}</span>"
            )
            for value, label in zip(tick_values, tick_labels)
        )}
      </div>
    </div>
  </div>

  <div style="
      display: grid;
      grid-template-columns: 1fr;
      gap: 1rem;
      align-items: stretch;
      margin-top: 0.2rem;
  ">
    <div style="
        padding: 0.8rem 0.95rem;
        border-radius: 18px;
        background: rgba(255,255,255,0.86);
        border: 1px solid rgba(148, 163, 184, 0.16);
    ">
      <div style="display:grid; grid-template-columns:minmax(360px, 1.75fr) minmax(220px, 0.72fr); gap:0.75rem; align-items:center;">
        <svg id="fv-oscillator" viewBox="0 0 360 172" style="width:100%; height:auto; display:block; border-radius:16px; background:linear-gradient(180deg, #ffffff 0%, #f7fbff 100%);">
          <rect x="0" y="0" width="360" height="172" rx="16" fill="transparent"></rect>
          <rect x="18" y="34" width="18" height="104" rx="6" fill="#94a3b8"></rect>
          <line x1="36" y1="68" x2="50" y2="68" stroke="rgba(15,23,42,0.22)" stroke-width="4" stroke-linecap="round"></line>
          <line x1="50" y1="56" x2="170" y2="56" stroke="#94a3b8" stroke-width="3" stroke-linecap="round"></line>
          <line x1="50" y1="80" x2="170" y2="80" stroke="#94a3b8" stroke-width="3" stroke-linecap="round"></line>
          <line x1="50" y1="56" x2="50" y2="80" stroke="#94a3b8" stroke-width="3" stroke-linecap="round"></line>
          <line id="fv-damper-piston" x1="92" y1="58" x2="92" y2="78" stroke="#64748b" stroke-width="4" stroke-linecap="round"></line>
          <line id="fv-damper-rod" x1="92" y1="68" x2="170" y2="68" stroke="#64748b" stroke-width="4" stroke-linecap="round"></line>
          <line x1="36" y1="108" x2="320" y2="108" stroke="rgba(148,163,184,0.35)" stroke-width="6" stroke-linecap="round"></line>
          <line id="fv-equilibrium" x1="258" y1="28" x2="258" y2="144" stroke="rgba(15,118,110,0.18)" stroke-width="2" stroke-dasharray="5 6"></line>
          <line id="fv-initial" x1="318" y1="28" x2="318" y2="144" stroke="rgba(249,115,22,0.45)" stroke-width="2" stroke-dasharray="4 5"></line>
          <polyline id="fv-spring" fill="none" stroke="#0f766e" stroke-width="4" stroke-linecap="round" stroke-linejoin="round"></polyline>
          <rect id="fv-mass" x="226" y="54" width="64" height="64" rx="14" fill="#14b8a6" stroke="#0f766e" stroke-width="3"></rect>
          <text x="20" y="24" fill="#64748b" style="font-size:12px;">固定端</text>
          <text x="295" y="22" fill="#f97316" style="font-size:12px;">初始位置</text>
          <text x="235" y="164" fill="#64748b" style="font-size:12px;">平衡位置</text>
        </svg>
        <div style="display:grid; grid-template-columns:minmax(0, 1fr) auto; gap:0.65rem; align-items:center;">
          <div style="display:grid; gap:0.7rem;">
            <div style="padding:0.65rem 0.72rem; border-radius:14px; background:#f8fffd; border:1px solid rgba(15,118,110,0.12);">
              <div style="font-size:12px; color:#64748b;">动画时间</div>
              <div id="fv-time" style="margin-top:0.2rem; font-size:16px; font-weight:700; color:#0f172a;">t = 0.00 s</div>
            </div>
            <div style="padding:0.65rem 0.72rem; border-radius:14px; background:#f8fffd; border:1px solid rgba(15,118,110,0.12);">
              <div style="font-size:12px; color:#64748b;">实时位移</div>
              <div id="fv-displacement" style="margin-top:0.2rem; font-size:16px; font-weight:700; color:#0f172a;">x = 1.000</div>
            </div>
          </div>
          <div style="display:flex; flex-direction:column; gap:0.55rem;">
            <button id="fv-play" style="padding: 0.72rem 1rem; border: none; border-radius: 999px; background: #0f766e; color: white; font-weight: 700; cursor: pointer;">播放</button>
            <button id="fv-reset" style="padding: 0.72rem 1rem; border: 1px solid rgba(15,118,110,0.18); border-radius: 999px; background: white; color: #0f172a; font-weight: 700; cursor: pointer;">重播</button>
          </div>
        </div>
      </div>
    </div>

    <div style="
        padding: 0.95rem;
        border-radius: 18px;
        background: rgba(255,255,255,0.86);
        border: 1px solid rgba(148, 163, 184, 0.16);
    ">
      <div id="fv-plot" style="width:100%; height:470px;"></div>
    </div>
  </div>
</div>

<script>
(function() {{
  const container = document.getElementById("free-vibration-demo");
  if (!container || container.dataset.initialized === "true") return;
  container.dataset.initialized = "true";

  const tValues = {json.dumps(t_values, ensure_ascii=False)};
  const zetaValues = {json.dumps(zeta_values.tolist(), ensure_ascii=False)};
  const omegaN = {omega_n};
  const x0 = {x0};
  const initActive = {init_active};
  const accent = "#0f766e";
  const playbackDuration = 8000;
  const equilibriumX = 258;
  const massWidth = 64;
  const motionScale = 60;
  const damperRodLength = 116;

  const stateEl = container.querySelector("#fv-state");
  const descEl = container.querySelector("#fv-desc");
  const zetaEl = container.querySelector("#fv-zeta");
  const timeEl = container.querySelector("#fv-time");
  const displacementEl = container.querySelector("#fv-displacement");
  const sliderEl = container.querySelector("#fv-zeta-slider");
  const playBtn = container.querySelector("#fv-play");
  const resetBtn = container.querySelector("#fv-reset");
  const plotEl = container.querySelector("#fv-plot");
  const springEl = container.querySelector("#fv-spring");
  const massEl = container.querySelector("#fv-mass");
  const damperPistonEl = container.querySelector("#fv-damper-piston");
  const damperRodEl = container.querySelector("#fv-damper-rod");

  let currentStep = initActive;
  let currentIndex = 0;
  let isPlaying = false;
  let startTimestamp = null;
  let rafId = null;
  let response = computeResponse(zetaValues[currentStep]);

  function computeResponse(zeta) {{
    const yMain = [];
    const yUp = [];
    const yDown = [];
    let state = "";
    let description = "";

    if (Math.abs(zeta) < 1e-12) {{
      state = "无阻尼";
      description = "等幅简谐振荡";
      for (const time of tValues) {{
        const value = x0 * Math.cos(omegaN * time);
        yMain.push(value);
        yUp.push(x0);
        yDown.push(-x0);
      }}
    }} else if (zeta < 1.0) {{
      state = "欠阻尼";
      description = "振荡且振幅指数衰减";
      const omegaD = omegaN * Math.sqrt(1 - zeta * zeta);
      for (const time of tValues) {{
        const decay = Math.exp(-zeta * omegaN * time);
        const value = decay * (
          x0 * Math.cos(omegaD * time) +
          (zeta * omegaN * x0 / omegaD) * Math.sin(omegaD * time)
        );
        const envelope = x0 * decay;
        yMain.push(value);
        yUp.push(envelope);
        yDown.push(-envelope);
      }}
    }} else if (Math.abs(zeta - 1.0) < 1e-12) {{
      state = "临界阻尼";
      description = "不振荡且最快回到平衡";
      for (const time of tValues) {{
        const value = (x0 + omegaN * x0 * time) * Math.exp(-omegaN * time);
        yMain.push(value);
        yUp.push(null);
        yDown.push(null);
      }}
    }} else {{
      state = "过阻尼";
      description = "不振荡但回到平衡更慢";
      const root = Math.sqrt(zeta * zeta - 1);
      const s1 = -omegaN * (zeta - root);
      const s2 = -omegaN * (zeta + root);
      const c1 = (s2 * x0) / (s2 - s1);
      const c2 = (-s1 * x0) / (s2 - s1);
      for (const time of tValues) {{
        const value = c1 * Math.exp(s1 * time) + c2 * Math.exp(s2 * time);
        yMain.push(value);
        yUp.push(null);
        yDown.push(null);
      }}
    }}

    return {{ zeta, state, description, yMain, yUp, yDown }};
  }}

  function buildPlotData(index) {{
    const partialX = tValues.slice(0, index + 1);
    const partialY = response.yMain.slice(0, index + 1);
    const markerX = [tValues[index]];
    const markerY = [response.yMain[index]];

    return [
      {{
        x: tValues,
        y: response.yDown,
        mode: "lines",
        line: {{ color: "rgba(15, 118, 110, 0.42)", width: 1.2, dash: "dot" }},
        hoverinfo: "skip",
        showlegend: false,
      }},
      {{
        x: tValues,
        y: response.yUp,
        mode: "lines",
        fill: "tonexty",
        fillcolor: "rgba(15, 118, 110, 0.18)",
        line: {{ color: "rgba(15, 118, 110, 0.42)", width: 1.2, dash: "dot" }},
        name: "衰减包络",
        hoverinfo: "skip",
      }},
      {{
        x: tValues,
        y: response.yMain,
        mode: "lines",
        name: "完整响应",
        line: {{ color: "rgba(15, 23, 42, 0.18)", width: 2 }},
        hovertemplate: "t = %{{x:.2f}} s<br>x = %{{y:.3f}}<extra></extra>",
      }},
      {{
        x: partialX,
        y: partialY,
        mode: "lines",
        name: "已绘响应",
        line: {{ color: accent, width: 3.2 }},
        hovertemplate: "t = %{{x:.2f}} s<br>x = %{{y:.3f}}<extra></extra>",
      }},
      {{
        x: markerX,
        y: markerY,
        mode: "markers",
        name: "当前点",
        marker: {{ size: 10, color: accent, line: {{ color: "white", width: 2 }} }},
        hovertemplate: "t = %{{x:.2f}} s<br>x = %{{y:.3f}}<extra></extra>",
      }}
    ];
  }}

  function buildLayout() {{
    return {{
      margin: {{ l: 62, r: 18, t: 18, b: 52 }},
      paper_bgcolor: "rgba(0,0,0,0)",
      plot_bgcolor: "#ffffff",
      xaxis: {{
        title: "时间 t (s)",
        range: [0, 10],
        showgrid: true,
        gridcolor: "rgba(148, 163, 184, 0.22)",
        zeroline: false,
        showline: true,
        linecolor: "rgba(15, 23, 42, 0.28)",
        ticks: "outside",
      }},
      yaxis: {{
        title: "归一化位移 \textit{x}",
        range: [-1.2, 1.2],
        showgrid: true,
        gridcolor: "rgba(148, 163, 184, 0.22)",
        zeroline: true,
        zerolinecolor: "rgba(15, 23, 42, 0.18)",
        zerolinewidth: 1.5,
      }},
      legend: {{
        orientation: "h",
        yanchor: "bottom",
        y: 1.02,
        xanchor: "right",
        x: 0.98,
        bgcolor: "rgba(255,255,255,0.72)",
        bordercolor: "rgba(148, 163, 184, 0.20)",
        borderwidth: 1,
      }},
      hoverlabel: {{
        bgcolor: "#ffffff",
        bordercolor: "rgba(15, 118, 110, 0.30)",
        font: {{ color: "#0f172a" }},
      }},
    }};
  }}

  function updateReadouts(index) {{
    stateEl.textContent = `系统状态：${{response.state}}`;
    if (descEl) descEl.textContent = response.description;
    zetaEl.textContent = `ζ = ${{response.zeta.toFixed(2)}}`;
    timeEl.textContent = `t = ${{tValues[index].toFixed(2)}} s`;
    displacementEl.textContent = `x = ${{response.yMain[index].toFixed(3)}}`;
  }}

  function buildSpringPoints(startX, endX, y) {{
    const points = [];
    const straight = 16;
    const turns = 9;
    const amplitude = 18;
    points.push(`${{startX}},${{y}}`);
    points.push(`${{startX + straight}},${{y}}`);
    const usable = Math.max(endX - startX - straight * 2, 30);
    const step = usable / (turns * 2);
    for (let i = 0; i < turns * 2; i += 1) {{
      const x = startX + straight + step * (i + 1);
      const offset = i % 2 === 0 ? -amplitude : amplitude;
      points.push(`${{x}},${{y + offset}}`);
    }}
    points.push(`${{endX - straight}},${{y}}`);
    points.push(`${{endX}},${{y}}`);
    return points.join(" ");
  }}

  function updateOscillator(index) {{
    const displacement = response.yMain[index];
    const massX = equilibriumX + displacement * motionScale;
    const massLeft = massX - massWidth / 2;
    const damperAnchorX = massLeft;
    const pistonX = damperAnchorX - damperRodLength;
    massEl.setAttribute("x", massLeft.toFixed(2));
    springEl.setAttribute("points", buildSpringPoints(36, massLeft + 2, 108));
    damperPistonEl.setAttribute("x1", pistonX.toFixed(2));
    damperPistonEl.setAttribute("x2", pistonX.toFixed(2));
    damperPistonEl.setAttribute("y1", "58");
    damperPistonEl.setAttribute("y2", "78");
    damperRodEl.setAttribute("x1", pistonX.toFixed(2));
    damperRodEl.setAttribute("x2", damperAnchorX.toFixed(2));
    damperRodEl.setAttribute("y1", "68");
    damperRodEl.setAttribute("y2", "68");
  }}

  function renderPlot(index, fullRedraw) {{
    const partialX = tValues.slice(0, index + 1);
    const partialY = response.yMain.slice(0, index + 1);
    const markerX = [tValues[index]];
    const markerY = [response.yMain[index]];

    if (fullRedraw) {{
      Plotly.react(plotEl, buildPlotData(index), buildLayout(), {{
        displayModeBar: false,
        responsive: true,
      }});
    }} else {{
      Plotly.restyle(plotEl, {{ x: [partialX], y: [partialY] }}, [3]);
      Plotly.restyle(plotEl, {{ x: [markerX], y: [markerY] }}, [4]);
    }}
  }}

  function syncScene(index, fullRedraw = false) {{
    currentIndex = index;
    updateReadouts(index);
    updateOscillator(index);
    renderPlot(index, fullRedraw);
  }}

  function stopAnimation() {{
    isPlaying = false;
    startTimestamp = null;
    if (rafId) cancelAnimationFrame(rafId);
    rafId = null;
    playBtn.textContent = "播放";
  }}

  function stepAnimation(timestamp) {{
    if (!isPlaying) return;
    if (startTimestamp === null) {{
      startTimestamp = timestamp - (currentIndex / (tValues.length - 1)) * playbackDuration;
    }}
    const progress = Math.min((timestamp - startTimestamp) / playbackDuration, 1);
    const nextIndex = Math.min(Math.floor(progress * (tValues.length - 1)), tValues.length - 1);
    if (nextIndex !== currentIndex) {{
      syncScene(nextIndex, false);
    }}
    if (progress >= 1) {{
      stopAnimation();
      return;
    }}
    rafId = requestAnimationFrame(stepAnimation);
  }}

  function startAnimation(fromBeginning = false) {{
    if (fromBeginning) {{
      stopAnimation();
      syncScene(0, true);
    }}
    isPlaying = true;
    startTimestamp = null;
    playBtn.textContent = "暂停";
    rafId = requestAnimationFrame(stepAnimation);
  }}

  function toggleAnimation() {{
    if (isPlaying) {{
      stopAnimation();
    }} else {{
      if (currentIndex >= tValues.length - 1) {{
        syncScene(0, true);
      }}
      startAnimation(false);
    }}
  }}

  function applyZeta(stepIndex) {{
    currentStep = stepIndex;
    sliderEl.value = String(stepIndex);
    response = computeResponse(zetaValues[stepIndex]);
    stopAnimation();
    syncScene(0, true);
    startAnimation(false);
  }}

  sliderEl.addEventListener("input", (event) => {{
    applyZeta(Number(event.target.value));
  }});

  playBtn.addEventListener("click", () => {{
    toggleAnimation();
  }});

  resetBtn.addEventListener("click", () => {{
    applyZeta(currentStep);
  }});

  syncScene(0, true);
  startAnimation(false);
}})();
</script>
"""

display(HTML(html))
------------------


[1;31m---------------------------------------------------------------------------[0m
[1;31mNameError[0m                                 Traceback (most recent call last)
Cell [1;32mIn[1], line 372[0m
[0;32m     15[0m tick_values [38;5;241m=[39m np[38;5;241m.[39mround(np[38;5;241m.[39marange([38;5;241m0.0[39m, [38;5;241m1.51[39m, [38;5;241m0.1[39m), [38;5;241m1[39m)[38;5;241m.[39mtolist()
[0;32m     16[0m minor_tick_values [38;5;241m=[39m [[38;5;28mfloat[39m(value) [38;5;28;01mfor[39;00m value [38;5;129;01min[39;00m zeta_values [38;5;28;01mif[39;00m [38;5;129;01mnot[39;00m np[38;5;241m.[39misclose((value [38;5;241m*[39m [38;5;241m100[39m) [38;5;241m%[39m [38;5;241m10[39m, [38;5;241m0[39m)]
[0;32m     18[0m html [38;5;241m=[39m [38;5;124mf[39m[38;5;124m"""[39m
[0;32m     19[0m [38;5;124m<script src=[39m[38;5;124m"[39m[38;5;124mhttps://cdn.plot.ly/plotly-2.35.2.min.js[39m[38;5;124m"[39m[38;5;124m></script>[39m
[0;32m     20[0m [38;5;124m<style>[39m
[0;32m     21[0m [38;5;124m  #free-vibration-demo input[type=[39m[38;5;124m"[39m[38;5;124mrange[39m[38;5;124m"[39m[38;5;124m] [39m[38;5;130;01m{{[39;00m
[0;32m     22[0m [38;5;124m    -webkit-appearance: none;[39m
[0;32m     23[0m [38;5;124m    appearance: none;[39m
[0;32m     24[0m [38;5;124m    width: 100%;[39m
[0;32m     25[0m [38;5;124m    height: 6px;[39m
[0;32m     26[0m [38;5;124m    border-radius: 999px;[39m
[0;32m     27[0m [38;5;124m    background: rgba(148, 163, 184, 0.35);[39m
[0;32m     28[0m [38;5;124m    outline: none;[39m
[0;32m     29[0m [38;5;124m  [39m[38;5;130;01m}}[39;00m
[0;32m     30[0m 
[0;32m     31[0m [38;5;124m  #free-vibration-demo input[type=[39m[38;5;124m"[39m[38;5;124mrange[39m[38;5;124m"[39m[38;5;124m]::-webkit-slider-runnable-track [39m[38;5;130;01m{{[39;00m
[0;32m     32[0m [38;5;124m    height: 6px;[39m
[0;32m     33[0m [38;5;124m    border-radius: 999px;[39m
[0;32m     34[0m [38;5;124m    background: rgba(148, 163, 184, 0.35);[39m
[0;32m     35[0m [38;5;124m  [39m[38;5;130;01m}}[39;00m
[0;32m     36[0m 
[0;32m     37[0m [38;5;124m  #free-vibration-demo input[type=[39m[38;5;124m"[39m[38;5;124mrange[39m[38;5;124m"[39m[38;5;124m]::-webkit-slider-thumb [39m[38;5;130;01m{{[39;00m
[0;32m     38[0m [38;5;124m    -webkit-appearance: none;[39m
[0;32m     39[0m [38;5;124m    appearance: none;[39m
[0;32m     40[0m [38;5;124m    width: 18px;[39m
[0;32m     41[0m [38;5;124m    height: 18px;[39m
[0;32m     42[0m [38;5;124m    border-radius: 50%;[39m
[0;32m     43[0m [38;5;124m    background: #0f766e;[39m
[0;32m     44[0m [38;5;124m    border: 3px solid #ffffff;[39m
[0;32m     45[0m [38;5;124m    box-shadow: 0 4px 12px rgba(15, 118, 110, 0.28);[39m
[0;32m     46[0m [38;5;124m    margin-top: -6px;[39m
[0;32m     47[0m [38;5;124m    cursor: pointer;[39m
[0;32m     48[0m [38;5;124m  [39m[38;5;130;01m}}[39;00m
[0;32m     49[0m 
[0;32m     50[0m [38;5;124m  #free-vibration-demo input[type=[39m[38;5;124m"[39m[38;5;124mrange[39m[38;5;124m"[39m[38;5;124m]::-moz-range-track [39m[38;5;130;01m{{[39;00m
[0;32m     51[0m [38;5;124m    height: 6px;[39m
[0;32m     52[0m [38;5;124m    border: none;[39m
[0;32m     53[0m [38;5;124m    border-radius: 999px;[39m
[0;32m     54[0m [38;5;124m    background: rgba(148, 163, 184, 0.35);[39m
[0;32m     55[0m [38;5;124m  [39m[38;5;130;01m}}[39;00m
[0;32m     56[0m 
[0;32m     57[0m [38;5;124m  #free-vibration-demo input[type=[39m[38;5;124m"[39m[38;5;124mrange[39m[38;5;124m"[39m[38;5;124m]::-moz-range-progress [39m[38;5;130;01m{{[39;00m
[0;32m     58[0m [38;5;124m    height: 6px;[39m
[0;32m     59[0m [38;5;124m    border-radius: 999px;[39m
[0;32m     60[0m [38;5;124m    background: rgba(148, 163, 184, 0.35);[39m
[0;32m     61[0m [38;5;124m  [39m[38;5;130;01m}}[39;00m
[0;32m     62[0m 
[0;32m     63[0m [38;5;124m  #free-vibration-demo input[type=[39m[38;5;124m"[39m[38;5;124mrange[39m[38;5;124m"[39m[38;5;124m]::-moz-range-thumb [39m[38;5;130;01m{{[39;00m
[0;32m     64[0m [38;5;124m    width: 18px;[39m
[0;32m     65[0m [38;5;124m    height: 18px;[39m
[0;32m     66[0m [38;5;124m    border-radius: 50%;[39m
[0;32m     67[0m [38;5;124m    background: #0f766e;[39m
[0;32m     68[0m [38;5;124m    border: 3px solid #ffffff;[39m
[0;32m     69[0m [38;5;124m    box-shadow: 0 4px 12px rgba(15, 118, 110, 0.28);[39m
[0;32m     70[0m [38;5;124m    cursor: pointer;[39m
[0;32m     71[0m [38;5;124m  [39m[38;5;130;01m}}[39;00m
[0;32m     72[0m [38;5;124m</style>[39m
[0;32m     73[0m [38;5;124m<div id=[39m[38;5;124m"[39m[38;5;124mfree-vibration-demo[39m[38;5;124m"[39m[38;5;124m style=[39m[38;5;124m"[39m
[0;32m     74[0m [38;5;124m    max-width: 1080px;[39m
[0;32m     75[0m [38;5;124m    margin: 1.2rem auto;[39m
[0;32m     76[0m [38;5;124m    padding: 1rem 1rem 0.8rem;[39m
[0;32m     77[0m [38;5;124m    border-radius: 22px;[39m
[0;32m     78[0m [38;5;124m    background: linear-gradient(145deg, #f7fffd 0%, #eef7ff 100%);[39m
[0;32m     79[0m [38;5;124m    box-shadow: 0 18px 45px rgba(15, 23, 42, 0.10);[39m
[0;32m     80[0m [38;5;124m    border: 1px solid rgba(148, 163, 184, 0.18);[39m
[0;32m     81[0m [38;5;124m    font-family: [39m[38;5;124m'[39m[38;5;124mSegoe UI[39m[38;5;124m'[39m[38;5;124m, [39m[38;5;124m'[39m[38;5;124mPingFang SC[39m[38;5;124m'[39m[38;5;124m, [39m[38;5;124m'[39m[38;5;124mMicrosoft YaHei[39m[38;5;124m'[39m[38;5;124m, sans-serif;[39m
[0;32m     82[0m [38;5;124m"[39m[38;5;124m>[39m
[0;32m     83[0m [38;5;124m  <div style=[39m[38;5;124m"[39m
[0;32m     84[0m [38;5;124m      display: grid;[39m
[0;32m     85[0m [38;5;124m      grid-template-columns: repeat(4, minmax(0, 1fr));[39m
[0;32m     86[0m [38;5;124m      gap: 0.75rem;[39m
[0;32m     87[0m [38;5;124m      margin: 0 0 0.9rem;[39m
[0;32m     88[0m [38;5;124m  [39m[38;5;124m"[39m[38;5;124m>[39m
[0;32m     89[0m [38;5;124m    <div style=[39m[38;5;124m"[39m[38;5;124mpadding: 0.8rem 0.95rem; border-radius: 16px; background: rgba(255,255,255,0.78); border: 1px solid rgba(15,118,110,0.10);[39m[38;5;124m"[39m[38;5;124m>[39m
[0;32m     90[0m [38;5;124m      <div style=[39m[38;5;124m"[39m[38;5;124mfont-size: 12px; color: #64748b; text-transform: uppercase; letter-spacing: 0.08em;[39m[38;5;124m"[39m[38;5;124m>无阻尼</div>[39m
[0;32m     91[0m [38;5;124m      <div style=[39m[38;5;124m"[39m[38;5;124mmargin-top: 0.3rem; font-size: 14px; color: #0f172a;[39m[38;5;124m"[39m[38;5;124m>持续等幅振荡，系统不耗能。</div>[39m
[0;32m     92[0m [38;5;124m    </div>[39m
[0;32m     93[0m [38;5;124m    <div style=[39m[38;5;124m"[39m[38;5;124mpadding: 0.8rem 0.95rem; border-radius: 16px; background: rgba(255,255,255,0.78); border: 1px solid rgba(15,118,110,0.10);[39m[38;5;124m"[39m[38;5;124m>[39m
[0;32m     94[0m [38;5;124m      <div style=[39m[38;5;124m"[39m[38;5;124mfont-size: 12px; color: #64748b; text-transform: uppercase; letter-spacing: 0.08em;[39m[38;5;124m"[39m[38;5;124m>欠阻尼</div>[39m
[0;32m     95[0m [38;5;124m      <div style=[39m[38;5;124m"[39m[38;5;124mmargin-top: 0.3rem; font-size: 14px; color: #0f172a;[39m[38;5;124m"[39m[38;5;124m>仍会振荡，但振幅会随时间逐渐衰减。</div>[39m
[0;32m     96[0m [38;5;124m    </div>[39m
[0;32m     97[0m [38;5;124m    <div style=[39m[38;5;124m"[39m[38;5;124mpadding: 0.8rem 0.95rem; border-radius: 16px; background: rgba(255,255,255,0.78); border: 1px solid rgba(15,118,110,0.10);[39m[38;5;124m"[39m[38;5;124m>[39m
[0;32m     98[0m [38;5;124m      <div style=[39m[38;5;124m"[39m[38;5;124mfont-size: 12px; color: #64748b; text-transform: uppercase; letter-spacing: 0.08em;[39m[38;5;124m"[39m[38;5;124m>临界阻尼</div>[39m
[0;32m     99[0m [38;5;124m      <div style=[39m[38;5;124m"[39m[38;5;124mmargin-top: 0.3rem; font-size: 14px; color: #0f172a;[39m[38;5;124m"[39m[38;5;124m>不振荡，并以最快速度回到平衡位置。</div>[39m
[0;32m    100[0m [38;5;124m    </div>[39m
[0;32m    101[0m [38;5;124m    <div style=[39m[38;5;124m"[39m[38;5;124mpadding: 0.8rem 0.95rem; border-radius: 16px; background: rgba(255,255,255,0.78); border: 1px solid rgba(15,118,110,0.10);[39m[38;5;124m"[39m[38;5;124m>[39m
[0;32m    102[0m [38;5;124m      <div style=[39m[38;5;124m"[39m[38;5;124mfont-size: 12px; color: #64748b; text-transform: uppercase; letter-spacing: 0.08em;[39m[38;5;124m"[39m[38;5;124m>过阻尼</div>[39m
[0;32m    103[0m [38;5;124m      <div style=[39m[38;5;124m"[39m[38;5;124mmargin-top: 0.3rem; font-size: 14px; color: #0f172a;[39m[38;5;124m"[39m[38;5;124m>不振荡，极其缓慢地回到平衡位置。</div>[39m
[0;32m    104[0m [38;5;124m    </div>[39m
[0;32m    105[0m [38;5;124m  </div>[39m
[0;32m    106[0m 
[0;32m    107[0m [38;5;124m  <div style=[39m[38;5;124m"[39m
[0;32m    108[0m [38;5;124m      padding: 0.2rem 0.35rem 0.8rem;[39m
[0;32m    109[0m [38;5;124m  [39m[38;5;124m"[39m[38;5;124m>[39m
[0;32m    110[0m [38;5;124m    <div style=[39m[38;5;124m"[39m[38;5;124mdisplay:flex; justify-content:space-between; align-items:center; gap:0.8rem; margin-bottom:0.45rem; flex-wrap:wrap;[39m[38;5;124m"[39m[38;5;124m>[39m
[0;32m    111[0m [38;5;124m      <label for=[39m[38;5;124m"[39m[38;5;124mfv-zeta-slider[39m[38;5;124m"[39m[38;5;124m style=[39m[38;5;124m"[39m[38;5;124mfont-size: 14px; color: #334155; font-weight: 700;[39m[38;5;124m"[39m[38;5;124m>[39m
[0;32m    112[0m [38;5;124m        当前阻尼比[39m
[0;32m    113[0m [38;5;124m        <span id=[39m[38;5;124m"[39m[38;5;124mfv-zeta[39m[38;5;124m"[39m[38;5;124m style=[39m[38;5;124m"[39m[38;5;124mmargin-left:0.5rem; color:#0f766e;[39m[38;5;124m"[39m[38;5;124m>ζ = 0.20</span>[39m
[0;32m    114[0m [38;5;124m        <span id=[39m[38;5;124m"[39m[38;5;124mfv-state[39m[38;5;124m"[39m[38;5;124m style=[39m[38;5;124m"[39m[38;5;124mmargin-left:0.7rem; color:#0f172a;[39m[38;5;124m"[39m[38;5;124m>系统状态：欠阻尼</span>[39m
[0;32m    115[0m [38;5;124m      </label>[39m
[0;32m    116[0m [38;5;124m    </div>[39m
[0;32m    117[0m [38;5;124m    <input id=[39m[38;5;124m"[39m[38;5;124mfv-zeta-slider[39m[38;5;124m"[39m[38;5;124m type=[39m[38;5;124m"[39m[38;5;124mrange[39m[38;5;124m"[39m[38;5;124m min=[39m[38;5;124m"[39m[38;5;124m0[39m[38;5;124m"[39m[38;5;124m max=[39m[38;5;124m"[39m[38;5;132;01m{[39;00m[38;5;28mlen[39m(zeta_values)[38;5;250m [39m[38;5;241m-[39m[38;5;250m [39m[38;5;241m1[39m[38;5;132;01m}[39;00m[38;5;124m"[39m[38;5;124m step=[39m[38;5;124m"[39m[38;5;124m1[39m[38;5;124m"[39m[38;5;124m value=[39m[38;5;124m"[39m[38;5;132;01m{[39;00minit_active[38;5;132;01m}[39;00m[38;5;124m"[39m[38;5;124m>[39m
[0;32m    118[0m [38;5;124m    <div style=[39m[38;5;124m"[39m[38;5;124mposition:relative; height:14px; margin-top:0.25rem;[39m[38;5;124m"[39m[38;5;124m>[39m
[0;32m    119[0m [38;5;124m      <div style=[39m[38;5;124m"[39m[38;5;124mposition:absolute; left:9px; right:9px; top:0; bottom:0;[39m[38;5;124m"[39m[38;5;124m>[39m
[0;32m    120[0m [38;5;124m        [39m[38;5;132;01m{[39;00m[38;5;124m"[39m[38;5;124m"[39m[38;5;241m.[39mjoin(
[0;32m    121[0m [38;5;250m            [39m[38;5;124mf[39m[38;5;124m"[39m[38;5;124m<span style=[39m[38;5;124m'[39m[38;5;124mposition:absolute; left:[39m[38;5;132;01m{[39;00m(value[38;5;250m [39m[38;5;241m/[39m[38;5;250m [39m[38;5;241m1.5[39m)[38;5;250m [39m[38;5;241m*[39m[38;5;250m [39m[38;5;241m100[39m[38;5;132;01m:[39;00m[38;5;124m.4f[39m[38;5;132;01m}[39;00m[38;5;124m%; transform:translateX(-50%); top:4px; width:1px; height:6px; background:rgba(148,163,184,0.65);[39m[38;5;124m'[39m[38;5;124m></span>[39m[38;5;124m"[39m
[0;32m    122[0m [38;5;250m            [39m[38;5;28;01mfor[39;00m[38;5;250m [39mvalue[38;5;250m [39m[38;5;129;01min[39;00m[38;5;250m [39mminor_tick_values
[0;32m    123[0m [38;5;250m        [39m)[38;5;132;01m}[39;00m
[0;32m    124[0m [38;5;124m        [39m[38;5;132;01m{[39;00m[38;5;124m"[39m[38;5;124m"[39m[38;5;241m.[39mjoin(
[0;32m    125[0m [38;5;250m            [39m[38;5;124mf[39m[38;5;124m"[39m[38;5;124m<span style=[39m[38;5;124m'[39m[38;5;124mposition:absolute; left:[39m[38;5;132;01m{[39;00m(value[38;5;250m [39m[38;5;241m/[39m[38;5;250m [39m[38;5;241m1.5[39m)[38;5;250m [39m[38;5;241m*[39m[38;5;250m [39m[38;5;241m100[39m[38;5;132;01m:[39;00m[38;5;124m.4f[39m[38;5;132;01m}[39;00m[38;5;124m%; transform:translateX(-50%); top:1px; width:1.6px; height:11px; background:rgba(100,116,139,0.86);[39m[38;5;124m'[39m[38;5;124m></span>[39m[38;5;124m"[39m
[0;32m    126[0m [38;5;250m            [39m[38;5;28;01mfor[39;00m[38;5;250m [39mvalue[38;5;250m [39m[38;5;129;01min[39;00m[38;5;250m [39mtick_values
[0;32m    127[0m [38;5;250m        [39m)[38;5;132;01m}[39;00m
[0;32m    128[0m [38;5;124m      </div>[39m
[0;32m    129[0m [38;5;124m    </div>[39m
[0;32m    130[0m [38;5;124m    <div style=[39m[38;5;124m"[39m[38;5;124mposition:relative; height:18px; margin-top:0.35rem; font-size:12px; color:#64748b;[39m[38;5;124m"[39m[38;5;124m>[39m
[0;32m    131[0m [38;5;124m      <div style=[39m[38;5;124m"[39m[38;5;124mposition:absolute; left:9px; right:9px; top:0; bottom:0;[39m[38;5;124m"[39m[38;5;124m>[39m
[0;32m    132[0m [38;5;124m        [39m[38;5;132;01m{[39;00m[38;5;124m"[39m[38;5;124m"[39m[38;5;241m.[39mjoin(
[0;32m    133[0m [38;5;250m            [39m(
[0;32m    134[0m [38;5;250m                [39m[38;5;124mf[39m[38;5;124m"[39m[38;5;124m<span style=[39m[38;5;124m'[39m[38;5;124mposition:absolute; left:[39m[38;5;132;01m{[39;00m(value[38;5;250m [39m[38;5;241m/[39m[38;5;250m [39m[38;5;241m1.5[39m)[38;5;250m [39m[38;5;241m*[39m[38;5;250m [39m[38;5;241m100[39m[38;5;132;01m:[39;00m[38;5;124m.4f[39m[38;5;132;01m}[39;00m[38;5;124m%; [39m[38;5;124m"[39m
[0;32m    135[0m [38;5;250m                [39m[38;5;241m+[39m[38;5;250m [39m([38;5;124m"[39m[38;5;124mtransform:translateX(-50[39m[38;5;124m%[39m[38;5;124m);[39m[38;5;124m"[39m[38;5;250m [39m[38;5;28;01mif[39;00m[38;5;250m [39mvalue[38;5;250m [39m[38;5;129;01mnot[39;00m[38;5;250m [39m[38;5;129;01min[39;00m[38;5;250m [39m([38;5;241m0.0[39m,[38;5;250m [39m[38;5;241m1.5[39m)[38;5;250m [39m[38;5;28;01melse[39;00m[38;5;250m [39m([38;5;124m"[39m[38;5;124mtransform:none;[39m[38;5;124m"[39m[38;5;250m [39m[38;5;28;01mif[39;00m[38;5;250m [39mvalue[38;5;250m [39m[38;5;241m==[39m[38;5;250m [39m[38;5;241m0.0[39m[38;5;250m [39m[38;5;28;01melse[39;00m[38;5;250m [39m[38;5;124m"[39m[38;5;124mtransform:translateX(-100[39m[38;5;124m%[39m[38;5;124m);[39m[38;5;124m"[39m))
[0;32m    136[0m [38;5;250m                [39m[38;5;241m+[39m[38;5;250m [39m[38;5;124mf[39m[38;5;124m"[39m[38;5;124m white-space:nowrap;[39m[38;5;124m'[39m[38;5;124m>[39m[38;5;132;01m{[39;00mlabel[38;5;132;01m}[39;00m[38;5;124m</span>[39m[38;5;124m"[39m
[0;32m    137[0m [38;5;250m            [39m)
[0;32m    138[0m [38;5;250m            [39m[38;5;28;01mfor[39;00m[38;5;250m [39mvalue,[38;5;250m [39mlabel[38;5;250m [39m[38;5;129;01min[39;00m[38;5;250m [39m[38;5;28mzip[39m(tick_values,[38;5;250m [39mtick_labels)
[0;32m    139[0m [38;5;250m        [39m)[38;5;132;01m}[39;00m
[0;32m    140[0m [38;5;124m      </div>[39m
[0;32m    141[0m [38;5;124m    </div>[39m
[0;32m    142[0m [38;5;124m  </div>[39m
[0;32m    143[0m 
[0;32m    144[0m [38;5;124m  <div style=[39m[38;5;124m"[39m
[0;32m    145[0m [38;5;124m      display: grid;[39m
[0;32m    146[0m [38;5;124m      grid-template-columns: 1fr;[39m
[0;32m    147[0m [38;5;124m      gap: 1rem;[39m
[0;32m    148[0m [38;5;124m      align-items: stretch;[39m
[0;32m    149[0m [38;5;124m      margin-top: 0.2rem;[39m
[0;32m    150[0m [38;5;124m  [39m[38;5;124m"[39m[38;5;124m>[39m
[0;32m    151[0m [38;5;124m    <div style=[39m[38;5;124m"[39m
[0;32m    152[0m [38;5;124m        padding: 0.8rem 0.95rem;[39m
[0;32m    153[0m [38;5;124m        border-radius: 18px;[39m
[0;32m    154[0m [38;5;124m        background: rgba(255,255,255,0.86);[39m
[0;32m    155[0m [38;5;124m        border: 1px solid rgba(148, 163, 184, 0.16);[39m
[0;32m    156[0m [38;5;124m    [39m[38;5;124m"[39m[38;5;124m>[39m
[0;32m    157[0m [38;5;124m      <div style=[39m[38;5;124m"[39m[38;5;124mdisplay:grid; grid-template-columns:minmax(360px, 1.75fr) minmax(220px, 0.72fr); gap:0.75rem; align-items:center;[39m[38;5;124m"[39m[38;5;124m>[39m
[0;32m    158[0m [38;5;124m        <svg id=[39m[38;5;124m"[39m[38;5;124mfv-oscillator[39m[38;5;124m"[39m[38;5;124m viewBox=[39m[38;5;124m"[39m[38;5;124m0 0 360 172[39m[38;5;124m"[39m[38;5;124m style=[39m[38;5;124m"[39m[38;5;124mwidth:100%; height:auto; display:block; border-radius:16px; background:linear-gradient(180deg, #ffffff 0%, #f7fbff 100%);[39m[38;5;124m"[39m[38;5;124m>[39m
[0;32m    159[0m [38;5;124m          <rect x=[39m[38;5;124m"[39m[38;5;124m0[39m[38;5;124m"[39m[38;5;124m y=[39m[38;5;124m"[39m[38;5;124m0[39m[38;5;124m"[39m[38;5;124m width=[39m[38;5;124m"[39m[38;5;124m360[39m[38;5;124m"[39m[38;5;124m height=[39m[38;5;124m"[39m[38;5;124m172[39m[38;5;124m"[39m[38;5;124m rx=[39m[38;5;124m"[39m[38;5;124m16[39m[38;5;124m"[39m[38;5;124m fill=[39m[38;5;124m"[39m[38;5;124mtransparent[39m[38;5;124m"[39m[38;5;124m></rect>[39m
[0;32m    160[0m [38;5;124m          <rect x=[39m[38;5;124m"[39m[38;5;124m18[39m[38;5;124m"[39m[38;5;124m y=[39m[38;5;124m"[39m[38;5;124m34[39m[38;5;124m"[39m[38;5;124m width=[39m[38;5;124m"[39m[38;5;124m18[39m[38;5;124m"[39m[38;5;124m height=[39m[38;5;124m"[39m[38;5;124m104[39m[38;5;124m"[39m[38;5;124m rx=[39m[38;5;124m"[39m[38;5;124m6[39m[38;5;124m"[39m[38;5;124m fill=[39m[38;5;124m"[39m[38;5;124m#94a3b8[39m[38;5;124m"[39m[38;5;124m></rect>[39m
[0;32m    161[0m [38;5;124m          <line x1=[39m[38;5;124m"[39m[38;5;124m36[39m[38;5;124m"[39m[38;5;124m y1=[39m[38;5;124m"[39m[38;5;124m68[39m[38;5;124m"[39m[38;5;124m x2=[39m[38;5;124m"[39m[38;5;124m50[39m[38;5;124m"[39m[38;5;124m y2=[39m[38;5;124m"[39m[38;5;124m68[39m[38;5;124m"[39m[38;5;124m stroke=[39m[38;5;124m"[39m[38;5;124mrgba(15,23,42,0.22)[39m[38;5;124m"[39m[38;5;124m stroke-width=[39m[38;5;124m"[39m[38;5;124m4[39m[38;5;124m"[39m[38;5;124m stroke-linecap=[39m[38;5;124m"[39m[38;5;124mround[39m[38;5;124m"[39m[38;5;124m></line>[39m
[0;32m    162[0m [38;5;124m          <line x1=[39m[38;5;124m"[39m[38;5;124m50[39m[38;5;124m"[39m[38;5;124m y1=[39m[38;5;124m"[39m[38;5;124m56[39m[38;5;124m"[39m[38;5;124m x2=[39m[38;5;124m"[39m[38;5;124m170[39m[38;5;124m"[39m[38;5;124m y2=[39m[38;5;124m"[39m[38;5;124m56[39m[38;5;124m"[39m[38;5;124m stroke=[39m[38;5;124m"[39m[38;5;124m#94a3b8[39m[38;5;124m"[39m[38;5;124m stroke-width=[39m[38;5;124m"[39m[38;5;124m3[39m[38;5;124m"[39m[38;5;124m stroke-linecap=[39m[38;5;124m"[39m[38;5;124mround[39m[38;5;124m"[39m[38;5;124m></line>[39m
[0;32m    163[0m [38;5;124m          <line x1=[39m[38;5;124m"[39m[38;5;124m50[39m[38;5;124m"[39m[38;5;124m y1=[39m[38;5;124m"[39m[38;5;124m80[39m[38;5;124m"[39m[38;5;124m x2=[39m[38;5;124m"[39m[38;5;124m170[39m[38;5;124m"[39m[38;5;124m y2=[39m[38;5;124m"[39m[38;5;124m80[39m[38;5;124m"[39m[38;5;124m stroke=[39m[38;5;124m"[39m[38;5;124m#94a3b8[39m[38;5;124m"[39m[38;5;124m stroke-width=[39m[38;5;124m"[39m[38;5;124m3[39m[38;5;124m"[39m[38;5;124m stroke-linecap=[39m[38;5;124m"[39m[38;5;124mround[39m[38;5;124m"[39m[38;5;124m></line>[39m
[0;32m    164[0m [38;5;124m          <line x1=[39m[38;5;124m"[39m[38;5;124m50[39m[38;5;124m"[39m[38;5;124m y1=[39m[38;5;124m"[39m[38;5;124m56[39m[38;5;124m"[39m[38;5;124m x2=[39m[38;5;124m"[39m[38;5;124m50[39m[38;5;124m"[39m[38;5;124m y2=[39m[38;5;124m"[39m[38;5;124m80[39m[38;5;124m"[39m[38;5;124m stroke=[39m[38;5;124m"[39m[38;5;124m#94a3b8[39m[38;5;124m"[39m[38;5;124m stroke-width=[39m[38;5;124m"[39m[38;5;124m3[39m[38;5;124m"[39m[38;5;124m stroke-linecap=[39m[38;5;124m"[39m[38;5;124mround[39m[38;5;124m"[39m[38;5;124m></line>[39m
[0;32m    165[0m [38;5;124m          <line id=[39m[38;5;124m"[39m[38;5;124mfv-damper-piston[39m[38;5;124m"[39m[38;5;124m x1=[39m[38;5;124m"[39m[38;5;124m92[39m[38;5;124m"[39m[38;5;124m y1=[39m[38;5;124m"[39m[38;5;124m58[39m[38;5;124m"[39m[38;5;124m x2=[39m[38;5;124m"[39m[38;5;124m92[39m[38;5;124m"[39m[38;5;124m y2=[39m[38;5;124m"[39m[38;5;124m78[39m[38;5;124m"[39m[38;5;124m stroke=[39m[38;5;124m"[39m[38;5;124m#64748b[39m[38;5;124m"[39m[38;5;124m stroke-width=[39m[38;5;124m"[39m[38;5;124m4[39m[38;5;124m"[39m[38;5;124m stroke-linecap=[39m[38;5;124m"[39m[38;5;124mround[39m[38;5;124m"[39m[38;5;124m></line>[39m
[0;32m    166[0m [38;5;124m          <line id=[39m[38;5;124m"[39m[38;5;124mfv-damper-rod[39m[38;5;124m"[39m[38;5;124m x1=[39m[38;5;124m"[39m[38;5;124m92[39m[38;5;124m"[39m[38;5;124m y1=[39m[38;5;124m"[39m[38;5;124m68[39m[38;5;124m"[39m[38;5;124m x2=[39m[38;5;124m"[39m[38;5;124m170[39m[38;5;124m"[39m[38;5;124m y2=[39m[38;5;124m"[39m[38;5;124m68[39m[38;5;124m"[39m[38;5;124m stroke=[39m[38;5;124m"[39m[38;5;124m#64748b[39m[38;5;124m"[39m[38;5;124m stroke-width=[39m[38;5;124m"[39m[38;5;124m4[39m[38;5;124m"[39m[38;5;124m stroke-linecap=[39m[38;5;124m"[39m[38;5;124mround[39m[38;5;124m"[39m[38;5;124m></line>[39m
[0;32m    167[0m [38;5;124m          <line x1=[39m[38;5;124m"[39m[38;5;124m36[39m[38;5;124m"[39m[38;5;124m y1=[39m[38;5;124m"[39m[38;5;124m108[39m[38;5;124m"[39m[38;5;124m x2=[39m[38;5;124m"[39m[38;5;124m320[39m[38;5;124m"[39m[38;5;124m y2=[39m[38;5;124m"[39m[38;5;124m108[39m[38;5;124m"[39m[38;5;124m stroke=[39m[38;5;124m"[39m[38;5;124mrgba(148,163,184,0.35)[39m[38;5;124m"[39m[38;5;124m stroke-width=[39m[38;5;124m"[39m[38;5;124m6[39m[38;5;124m"[39m[38;5;124m stroke-linecap=[39m[38;5;124m"[39m[38;5;124mround[39m[38;5;124m"[39m[38;5;124m></line>[39m
[0;32m    168[0m [38;5;124m          <line id=[39m[38;5;124m"[39m[38;5;124mfv-equilibrium[39m[38;5;124m"[39m[38;5;124m x1=[39m[38;5;124m"[39m[38;5;124m258[39m[38;5;124m"[39m[38;5;124m y1=[39m[38;5;124m"[39m[38;5;124m28[39m[38;5;124m"[39m[38;5;124m x2=[39m[38;5;124m"[39m[38;5;124m258[39m[38;5;124m"[39m[38;5;124m y2=[39m[38;5;124m"[39m[38;5;124m144[39m[38;5;124m"[39m[38;5;124m stroke=[39m[38;5;124m"[39m[38;5;124mrgba(15,118,110,0.18)[39m[38;5;124m"[39m[38;5;124m stroke-width=[39m[38;5;124m"[39m[38;5;124m2[39m[38;5;124m"[39m[38;5;124m stroke-dasharray=[39m[38;5;124m"[39m[38;5;124m5 6[39m[38;5;124m"[39m[38;5;124m></line>[39m
[0;32m    169[0m [38;5;124m          <line id=[39m[38;5;124m"[39m[38;5;124mfv-initial[39m[38;5;124m"[39m[38;5;124m x1=[39m[38;5;124m"[39m[38;5;124m318[39m[38;5;124m"[39m[38;5;124m y1=[39m[38;5;124m"[39m[38;5;124m28[39m[38;5;124m"[39m[38;5;124m x2=[39m[38;5;124m"[39m[38;5;124m318[39m[38;5;124m"[39m[38;5;124m y2=[39m[38;5;124m"[39m[38;5;124m144[39m[38;5;124m"[39m[38;5;124m stroke=[39m[38;5;124m"[39m[38;5;124mrgba(249,115,22,0.45)[39m[38;5;124m"[39m[38;5;124m stroke-width=[39m[38;5;124m"[39m[38;5;124m2[39m[38;5;124m"[39m[38;5;124m stroke-dasharray=[39m[38;5;124m"[39m[38;5;124m4 5[39m[38;5;124m"[39m[38;5;124m></line>[39m
[0;32m    170[0m [38;5;124m          <polyline id=[39m[38;5;124m"[39m[38;5;124mfv-spring[39m[38;5;124m"[39m[38;5;124m fill=[39m[38;5;124m"[39m[38;5;124mnone[39m[38;5;124m"[39m[38;5;124m stroke=[39m[38;5;124m"[39m[38;5;124m#0f766e[39m[38;5;124m"[39m[38;5;124m stroke-width=[39m[38;5;124m"[39m[38;5;124m4[39m[38;5;124m"[39m[38;5;124m stroke-linecap=[39m[38;5;124m"[39m[38;5;124mround[39m[38;5;124m"[39m[38;5;124m stroke-linejoin=[39m[38;5;124m"[39m[38;5;124mround[39m[38;5;124m"[39m[38;5;124m></polyline>[39m
[0;32m    171[0m [38;5;124m          <rect id=[39m[38;5;124m"[39m[38;5;124mfv-mass[39m[38;5;124m"[39m[38;5;124m x=[39m[38;5;124m"[39m[38;5;124m226[39m[38;5;124m"[39m[38;5;124m y=[39m[38;5;124m"[39m[38;5;124m54[39m[38;5;124m"[39m[38;5;124m width=[39m[38;5;124m"[39m[38;5;124m64[39m[38;5;124m"[39m[38;5;124m height=[39m[38;5;124m"[39m[38;5;124m64[39m[38;5;124m"[39m[38;5;124m rx=[39m[38;5;124m"[39m[38;5;124m14[39m[38;5;124m"[39m[38;5;124m fill=[39m[38;5;124m"[39m[38;5;124m#14b8a6[39m[38;5;124m"[39m[38;5;124m stroke=[39m[38;5;124m"[39m[38;5;124m#0f766e[39m[38;5;124m"[39m[38;5;124m stroke-width=[39m[38;5;124m"[39m[38;5;124m3[39m[38;5;124m"[39m[38;5;124m></rect>[39m
[0;32m    172[0m [38;5;124m          <text x=[39m[38;5;124m"[39m[38;5;124m20[39m[38;5;124m"[39m[38;5;124m y=[39m[38;5;124m"[39m[38;5;124m24[39m[38;5;124m"[39m[38;5;124m fill=[39m[38;5;124m"[39m[38;5;124m#64748b[39m[38;5;124m"[39m[38;5;124m style=[39m[38;5;124m"[39m[38;5;124mfont-size:12px;[39m[38;5;124m"[39m[38;5;124m>固定端</text>[39m
[0;32m    173[0m [38;5;124m          <text x=[39m[38;5;124m"[39m[38;5;124m295[39m[38;5;124m"[39m[38;5;124m y=[39m[38;5;124m"[39m[38;5;124m22[39m[38;5;124m"[39m[38;5;124m fill=[39m[38;5;124m"[39m[38;5;124m#f97316[39m[38;5;124m"[39m[38;5;124m style=[39m[38;5;124m"[39m[38;5;124mfont-size:12px;[39m[38;5;124m"[39m[38;5;124m>初始位置</text>[39m
[0;32m    174[0m [38;5;124m          <text x=[39m[38;5;124m"[39m[38;5;124m235[39m[38;5;124m"[39m[38;5;124m y=[39m[38;5;124m"[39m[38;5;124m164[39m[38;5;124m"[39m[38;5;124m fill=[39m[38;5;124m"[39m[38;5;124m#64748b[39m[38;5;124m"[39m[38;5;124m style=[39m[38;5;124m"[39m[38;5;124mfont-size:12px;[39m[38;5;124m"[39m[38;5;124m>平衡位置</text>[39m
[0;32m    175[0m [38;5;124m        </svg>[39m
[0;32m    176[0m [38;5;124m        <div style=[39m[38;5;124m"[39m[38;5;124mdisplay:grid; grid-template-columns:minmax(0, 1fr) auto; gap:0.65rem; align-items:center;[39m[38;5;124m"[39m[38;5;124m>[39m
[0;32m    177[0m [38;5;124m          <div style=[39m[38;5;124m"[39m[38;5;124mdisplay:grid; gap:0.7rem;[39m[38;5;124m"[39m[38;5;124m>[39m
[0;32m    178[0m [38;5;124m            <div style=[39m[38;5;124m"[39m[38;5;124mpadding:0.65rem 0.72rem; border-radius:14px; background:#f8fffd; border:1px solid rgba(15,118,110,0.12);[39m[38;5;124m"[39m[38;5;124m>[39m
[0;32m    179[0m [38;5;124m              <div style=[39m[38;5;124m"[39m[38;5;124mfont-size:12px; color:#64748b;[39m[38;5;124m"[39m[38;5;124m>动画时间</div>[39m
[0;32m    180[0m [38;5;124m              <div id=[39m[38;5;124m"[39m[38;5;124mfv-time[39m[38;5;124m"[39m[38;5;124m style=[39m[38;5;124m"[39m[38;5;124mmargin-top:0.2rem; font-size:16px; font-weight:700; color:#0f172a;[39m[38;5;124m"[39m[38;5;124m>t = 0.00 s</div>[39m
[0;32m    181[0m [38;5;124m            </div>[39m
[0;32m    182[0m [38;5;124m            <div style=[39m[38;5;124m"[39m[38;5;124mpadding:0.65rem 0.72rem; border-radius:14px; background:#f8fffd; border:1px solid rgba(15,118,110,0.12);[39m[38;5;124m"[39m[38;5;124m>[39m
[0;32m    183[0m [38;5;124m              <div style=[39m[38;5;124m"[39m[38;5;124mfont-size:12px; color:#64748b;[39m[38;5;124m"[39m[38;5;124m>实时位移</div>[39m
[0;32m    184[0m [38;5;124m              <div id=[39m[38;5;124m"[39m[38;5;124mfv-displacement[39m[38;5;124m"[39m[38;5;124m style=[39m[38;5;124m"[39m[38;5;124mmargin-top:0.2rem; font-size:16px; font-weight:700; color:#0f172a;[39m[38;5;124m"[39m[38;5;124m>x = 1.000</div>[39m
[0;32m    185[0m [38;5;124m            </div>[39m
[0;32m    186[0m [38;5;124m          </div>[39m
[0;32m    187[0m [38;5;124m          <div style=[39m[38;5;124m"[39m[38;5;124mdisplay:flex; flex-direction:column; gap:0.55rem;[39m[38;5;124m"[39m[38;5;124m>[39m
[0;32m    188[0m [38;5;124m            <button id=[39m[38;5;124m"[39m[38;5;124mfv-play[39m[38;5;124m"[39m[38;5;124m style=[39m[38;5;124m"[39m[38;5;124mpadding: 0.72rem 1rem; border: none; border-radius: 999px; background: #0f766e; color: white; font-weight: 700; cursor: pointer;[39m[38;5;124m"[39m[38;5;124m>播放</button>[39m
[0;32m    189[0m [38;5;124m            <button id=[39m[38;5;124m"[39m[38;5;124mfv-reset[39m[38;5;124m"[39m[38;5;124m style=[39m[38;5;124m"[39m[38;5;124mpadding: 0.72rem 1rem; border: 1px solid rgba(15,118,110,0.18); border-radius: 999px; background: white; color: #0f172a; font-weight: 700; cursor: pointer;[39m[38;5;124m"[39m[38;5;124m>重播</button>[39m
[0;32m    190[0m [38;5;124m          </div>[39m
[0;32m    191[0m [38;5;124m        </div>[39m
[0;32m    192[0m [38;5;124m      </div>[39m
[0;32m    193[0m [38;5;124m    </div>[39m
[0;32m    194[0m 
[0;32m    195[0m [38;5;124m    <div style=[39m[38;5;124m"[39m
[0;32m    196[0m [38;5;124m        padding: 0.95rem;[39m
[0;32m    197[0m [38;5;124m        border-radius: 18px;[39m
[0;32m    198[0m [38;5;124m        background: rgba(255,255,255,0.86);[39m
[0;32m    199[0m [38;5;124m        border: 1px solid rgba(148, 163, 184, 0.16);[39m
[0;32m    200[0m [38;5;124m    [39m[38;5;124m"[39m[38;5;124m>[39m
[0;32m    201[0m [38;5;124m      <div id=[39m[38;5;124m"[39m[38;5;124mfv-plot[39m[38;5;124m"[39m[38;5;124m style=[39m[38;5;124m"[39m[38;5;124mwidth:100%; height:470px;[39m[38;5;124m"[39m[38;5;124m></div>[39m
[0;32m    202[0m [38;5;124m    </div>[39m
[0;32m    203[0m [38;5;124m  </div>[39m
[0;32m    204[0m [38;5;124m</div>[39m
[0;32m    205[0m 
[0;32m    206[0m [38;5;124m<script>[39m
[0;32m    207[0m [38;5;124m(function() [39m[38;5;130;01m{{[39;00m
[0;32m    208[0m [38;5;124m  const container = document.getElementById([39m[38;5;124m"[39m[38;5;124mfree-vibration-demo[39m[38;5;124m"[39m[38;5;124m);[39m
[0;32m    209[0m [38;5;124m  if (!container || container.dataset.initialized === [39m[38;5;124m"[39m[38;5;124mtrue[39m[38;5;124m"[39m[38;5;124m) return;[39m
[0;32m    210[0m [38;5;124m  container.dataset.initialized = [39m[38;5;124m"[39m[38;5;124mtrue[39m[38;5;124m"[39m[38;5;124m;[39m
[0;32m    211[0m 
[0;32m    212[0m [38;5;124m  const tValues = [39m[38;5;132;01m{[39;00mjson[38;5;241m.[39mdumps(t_values,[38;5;250m [39mensure_ascii[38;5;241m=[39m[38;5;28;01mFalse[39;00m)[38;5;132;01m}[39;00m[38;5;124m;[39m
[0;32m    213[0m [38;5;124m  const zetaValues = [39m[38;5;132;01m{[39;00mjson[38;5;241m.[39mdumps(zeta_values[38;5;241m.[39mtolist(),[38;5;250m [39mensure_ascii[38;5;241m=[39m[38;5;28;01mFalse[39;00m)[38;5;132;01m}[39;00m[38;5;124m;[39m
[0;32m    214[0m [38;5;124m  const omegaN = [39m[38;5;132;01m{[39;00momega_n[38;5;132;01m}[39;00m[38;5;124m;[39m
[0;32m    215[0m [38;5;124m  const x0 = [39m[38;5;132;01m{[39;00mx0[38;5;132;01m}[39;00m[38;5;124m;[39m
[0;32m    216[0m [38;5;124m  const initActive = [39m[38;5;132;01m{[39;00minit_active[38;5;132;01m}[39;00m[38;5;124m;[39m
[0;32m    217[0m [38;5;124m  const accent = [39m[38;5;124m"[39m[38;5;124m#0f766e[39m[38;5;124m"[39m[38;5;124m;[39m
[0;32m    218[0m [38;5;124m  const playbackDuration = 8000;[39m
[0;32m    219[0m [38;5;124m  const equilibriumX = 258;[39m
[0;32m    220[0m [38;5;124m  const massWidth = 64;[39m
[0;32m    221[0m [38;5;124m  const motionScale = 60;[39m
[0;32m    222[0m [38;5;124m  const damperRodLength = 116;[39m
[0;32m    223[0m 
[0;32m    224[0m [38;5;124m  const stateEl = container.querySelector([39m[38;5;124m"[39m[38;5;124m#fv-state[39m[38;5;124m"[39m[38;5;124m);[39m
[0;32m    225[0m [38;5;124m  const descEl = container.querySelector([39m[38;5;124m"[39m[38;5;124m#fv-desc[39m[38;5;124m"[39m[38;5;124m);[39m
[0;32m    226[0m [38;5;124m  const zetaEl = container.querySelector([39m[38;5;124m"[39m[38;5;124m#fv-zeta[39m[38;5;124m"[39m[38;5;124m);[39m
[0;32m    227[0m [38;5;124m  const timeEl = container.querySelector([39m[38;5;124m"[39m[38;5;124m#fv-time[39m[38;5;124m"[39m[38;5;124m);[39m
[0;32m    228[0m [38;5;124m  const displacementEl = container.querySelector([39m[38;5;124m"[39m[38;5;124m#fv-displacement[39m[38;5;124m"[39m[38;5;124m);[39m
[0;32m    229[0m [38;5;124m  const sliderEl = container.querySelector([39m[38;5;124m"[39m[38;5;124m#fv-zeta-slider[39m[38;5;124m"[39m[38;5;124m);[39m
[0;32m    230[0m [38;5;124m  const playBtn = container.querySelector([39m[38;5;124m"[39m[38;5;124m#fv-play[39m[38;5;124m"[39m[38;5;124m);[39m
[0;32m    231[0m [38;5;124m  const resetBtn = container.querySelector([39m[38;5;124m"[39m[38;5;124m#fv-reset[39m[38;5;124m"[39m[38;5;124m);[39m
[0;32m    232[0m [38;5;124m  const plotEl = container.querySelector([39m[38;5;124m"[39m[38;5;124m#fv-plot[39m[38;5;124m"[39m[38;5;124m);[39m
[0;32m    233[0m [38;5;124m  const springEl = container.querySelector([39m[38;5;124m"[39m[38;5;124m#fv-spring[39m[38;5;124m"[39m[38;5;124m);[39m
[0;32m    234[0m [38;5;124m  const massEl = container.querySelector([39m[38;5;124m"[39m[38;5;124m#fv-mass[39m[38;5;124m"[39m[38;5;124m);[39m
[0;32m    235[0m [38;5;124m  const damperPistonEl = container.querySelector([39m[38;5;124m"[39m[38;5;124m#fv-damper-piston[39m[38;5;124m"[39m[38;5;124m);[39m
[0;32m    236[0m [38;5;124m  const damperRodEl = container.querySelector([39m[38;5;124m"[39m[38;5;124m#fv-damper-rod[39m[38;5;124m"[39m[38;5;124m);[39m
[0;32m    237[0m 
[0;32m    238[0m [38;5;124m  let currentStep = initActive;[39m
[0;32m    239[0m [38;5;124m  let currentIndex = 0;[39m
[0;32m    240[0m [38;5;124m  let isPlaying = false;[39m
[0;32m    241[0m [38;5;124m  let startTimestamp = null;[39m
[0;32m    242[0m [38;5;124m  let rafId = null;[39m
[0;32m    243[0m [38;5;124m  let response = computeResponse(zetaValues[currentStep]);[39m
[0;32m    244[0m 
[0;32m    245[0m [38;5;124m  function computeResponse(zeta) [39m[38;5;130;01m{{[39;00m
[0;32m    246[0m [38;5;124m    const yMain = [];[39m
[0;32m    247[0m [38;5;124m    const yUp = [];[39m
[0;32m    248[0m [38;5;124m    const yDown = [];[39m
[0;32m    249[0m [38;5;124m    let state = [39m[38;5;124m"[39m[38;5;124m"[39m[38;5;124m;[39m
[0;32m    250[0m [38;5;124m    let description = [39m[38;5;124m"[39m[38;5;124m"[39m[38;5;124m;[39m
[0;32m    251[0m 
[0;32m    252[0m [38;5;124m    if (Math.abs(zeta) < 1e-12) [39m[38;5;130;01m{{[39;00m
[0;32m    253[0m [38;5;124m      state = [39m[38;5;124m"[39m[38;5;124m无阻尼[39m[38;5;124m"[39m[38;5;124m;[39m
[0;32m    254[0m [38;5;124m      description = [39m[38;5;124m"[39m[38;5;124m等幅简谐振荡[39m[38;5;124m"[39m[38;5;124m;[39m
[0;32m    255[0m [38;5;124m      for (const time of tValues) [39m[38;5;130;01m{{[39;00m
[0;32m    256[0m [38;5;124m        const value = x0 * Math.cos(omegaN * time);[39m
[0;32m    257[0m [38;5;124m        yMain.push(value);[39m
[0;32m    258[0m [38;5;124m        yUp.push(x0);[39m
[0;32m    259[0m [38;5;124m        yDown.push(-x0);[39m
[0;32m    260[0m [38;5;124m      [39m[38;5;130;01m}}[39;00m
[0;32m    261[0m [38;5;124m    [39m[38;5;130;01m}}[39;00m[38;5;124m else if (zeta < 1.0) [39m[38;5;130;01m{{[39;00m
[0;32m    262[0m [38;5;124m      state = [39m[38;5;124m"[39m[38;5;124m欠阻尼[39m[38;5;124m"[39m[38;5;124m;[39m
[0;32m    263[0m [38;5;124m      description = [39m[38;5;124m"[39m[38;5;124m振荡且振幅指数衰减[39m[38;5;124m"[39m[38;5;124m;[39m
[0;32m    264[0m [38;5;124m      const omegaD = omegaN * Math.sqrt(1 - zeta * zeta);[39m
[0;32m    265[0m [38;5;124m      for (const time of tValues) [39m[38;5;130;01m{{[39;00m
[0;32m    266[0m [38;5;124m        const decay = Math.exp(-zeta * omegaN * time);[39m
[0;32m    267[0m [38;5;124m        const value = decay * ([39m
[0;32m    268[0m [38;5;124m          x0 * Math.cos(omegaD * time) +[39m
[0;32m    269[0m [38;5;124m          (zeta * omegaN * x0 / omegaD) * Math.sin(omegaD * time)[39m
[0;32m    270[0m [38;5;124m        );[39m
[0;32m    271[0m [38;5;124m        const envelope = x0 * decay;[39m
[0;32m    272[0m [38;5;124m        yMain.push(value);[39m
[0;32m    273[0m [38;5;124m        yUp.push(envelope);[39m
[0;32m    274[0m [38;5;124m        yDown.push(-envelope);[39m
[0;32m    275[0m [38;5;124m      [39m[38;5;130;01m}}[39;00m
[0;32m    276[0m [38;5;124m    [39m[38;5;130;01m}}[39;00m[38;5;124m else if (Math.abs(zeta - 1.0) < 1e-12) [39m[38;5;130;01m{{[39;00m
[0;32m    277[0m [38;5;124m      state = [39m[38;5;124m"[39m[38;5;124m临界阻尼[39m[38;5;124m"[39m[38;5;124m;[39m
[0;32m    278[0m [38;5;124m      description = [39m[38;5;124m"[39m[38;5;124m不振荡且最快回到平衡[39m[38;5;124m"[39m[38;5;124m;[39m
[0;32m    279[0m [38;5;124m      for (const time of tValues) [39m[38;5;130;01m{{[39;00m
[0;32m    280[0m [38;5;124m        const value = (x0 + omegaN * x0 * time) * Math.exp(-omegaN * time);[39m
[0;32m    281[0m [38;5;124m        yMain.push(value);[39m
[0;32m    282[0m [38;5;124m        yUp.push(null);[39m
[0;32m    283[0m [38;5;124m        yDown.push(null);[39m
[0;32m    284[0m [38;5;124m      [39m[38;5;130;01m}}[39;00m
[0;32m    285[0m [38;5;124m    [39m[38;5;130;01m}}[39;00m[38;5;124m else [39m[38;5;130;01m{{[39;00m
[0;32m    286[0m [38;5;124m      state = [39m[38;5;124m"[39m[38;5;124m过阻尼[39m[38;5;124m"[39m[38;5;124m;[39m
[0;32m    287[0m [38;5;124m      description = [39m[38;5;124m"[39m[38;5;124m不振荡但回到平衡更慢[39m[38;5;124m"[39m[38;5;124m;[39m
[0;32m    288[0m [38;5;124m      const root = Math.sqrt(zeta * zeta - 1);[39m
[0;32m    289[0m [38;5;124m      const s1 = -omegaN * (zeta - root);[39m
[0;32m    290[0m [38;5;124m      const s2 = -omegaN * (zeta + root);[39m
[0;32m    291[0m [38;5;124m      const c1 = (s2 * x0) / (s2 - s1);[39m
[0;32m    292[0m [38;5;124m      const c2 = (-s1 * x0) / (s2 - s1);[39m
[0;32m    293[0m [38;5;124m      for (const time of tValues) [39m[38;5;130;01m{{[39;00m
[0;32m    294[0m [38;5;124m        const value = c1 * Math.exp(s1 * time) + c2 * Math.exp(s2 * time);[39m
[0;32m    295[0m [38;5;124m        yMain.push(value);[39m
[0;32m    296[0m [38;5;124m        yUp.push(null);[39m
[0;32m    297[0m [38;5;124m        yDown.push(null);[39m
[0;32m    298[0m [38;5;124m      [39m[38;5;130;01m}}[39;00m
[0;32m    299[0m [38;5;124m    [39m[38;5;130;01m}}[39;00m
[0;32m    300[0m 
[0;32m    301[0m [38;5;124m    return [39m[38;5;130;01m{{[39;00m[38;5;124m zeta, state, description, yMain, yUp, yDown [39m[38;5;130;01m}}[39;00m[38;5;124m;[39m
[0;32m    302[0m [38;5;124m  [39m[38;5;130;01m}}[39;00m
[0;32m    303[0m 
[0;32m    304[0m [38;5;124m  function buildPlotData(index) [39m[38;5;130;01m{{[39;00m
[0;32m    305[0m [38;5;124m    const partialX = tValues.slice(0, index + 1);[39m
[0;32m    306[0m [38;5;124m    const partialY = response.yMain.slice(0, index + 1);[39m
[0;32m    307[0m [38;5;124m    const markerX = [tValues[index]];[39m
[0;32m    308[0m [38;5;124m    const markerY = [response.yMain[index]];[39m
[0;32m    309[0m 
[0;32m    310[0m [38;5;124m    return [[39m
[0;32m    311[0m [38;5;124m      [39m[38;5;130;01m{{[39;00m
[0;32m    312[0m [38;5;124m        x: tValues,[39m
[0;32m    313[0m [38;5;124m        y: response.yDown,[39m
[0;32m    314[0m [38;5;124m        mode: [39m[38;5;124m"[39m[38;5;124mlines[39m[38;5;124m"[39m[38;5;124m,[39m
[0;32m    315[0m [38;5;124m        line: [39m[38;5;130;01m{{[39;00m[38;5;124m color: [39m[38;5;124m"[39m[38;5;124mrgba(15, 118, 110, 0.42)[39m[38;5;124m"[39m[38;5;124m, width: 1.2, dash: [39m[38;5;124m"[39m[38;5;124mdot[39m[38;5;124m"[39m[38;5;124m [39m[38;5;130;01m}}[39;00m[38;5;124m,[39m
[0;32m    316[0m [38;5;124m        hoverinfo: [39m[38;5;124m"[39m[38;5;124mskip[39m[38;5;124m"[39m[38;5;124m,[39m
[0;32m    317[0m [38;5;124m        showlegend: false,[39m
[0;32m    318[0m [38;5;124m      [39m[38;5;130;01m}}[39;00m[38;5;124m,[39m
[0;32m    319[0m [38;5;124m      [39m[38;5;130;01m{{[39;00m
[0;32m    320[0m [38;5;124m        x: tValues,[39m
[0;32m    321[0m [38;5;124m        y: response.yUp,[39m
[0;32m    322[0m [38;5;124m        mode: [39m[38;5;124m"[39m[38;5;124mlines[39m[38;5;124m"[39m[38;5;124m,[39m
[0;32m    323[0m [38;5;124m        fill: [39m[38;5;124m"[39m[38;5;124mtonexty[39m[38;5;124m"[39m[38;5;124m,[39m
[0;32m    324[0m [38;5;124m        fillcolor: [39m[38;5;124m"[39m[38;5;124mrgba(15, 118, 110, 0.18)[39m[38;5;124m"[39m[38;5;124m,[39m
[0;32m    325[0m [38;5;124m        line: [39m[38;5;130;01m{{[39;00m[38;5;124m color: [39m[38;5;124m"[39m[38;5;124mrgba(15, 118, 110, 0.42)[39m[38;5;124m"[39m[38;5;124m, width: 1.2, dash: [39m[38;5;124m"[39m[38;5;124mdot[39m[38;5;124m"[39m[38;5;124m [39m[38;5;130;01m}}[39;00m[38;5;124m,[39m
[0;32m    326[0m [38;5;124m        name: [39m[38;5;124m"[39m[38;5;124m衰减包络[39m[38;5;124m"[39m[38;5;124m,[39m
[0;32m    327[0m [38;5;124m        hoverinfo: [39m[38;5;124m"[39m[38;5;124mskip[39m[38;5;124m"[39m[38;5;124m,[39m
[0;32m    328[0m [38;5;124m      [39m[38;5;130;01m}}[39;00m[38;5;124m,[39m
[0;32m    329[0m [38;5;124m      [39m[38;5;130;01m{{[39;00m
[0;32m    330[0m [38;5;124m        x: tValues,[39m
[0;32m    331[0m [38;5;124m        y: response.yMain,[39m
[0;32m    332[0m [38;5;124m        mode: [39m[38;5;124m"[39m[38;5;124mlines[39m[38;5;124m"[39m[38;5;124m,[39m
[0;32m    333[0m [38;5;124m        name: [39m[38;5;124m"[39m[38;5;124m完整响应[39m[38;5;124m"[39m[38;5;124m,[39m
[0;32m    334[0m [38;5;124m        line: [39m[38;5;130;01m{{[39;00m[38;5;124m color: [39m[38;5;124m"[39m[38;5;124mrgba(15, 23, 42, 0.18)[39m[38;5;124m"[39m[38;5;124m, width: 2 [39m[38;5;130;01m}}[39;00m[38;5;124m,[39m
[0;32m    335[0m [38;5;124m        hovertemplate: [39m[38;5;124m"[39m[38;5;124mt = %[39m[38;5;130;01m{{[39;00m[38;5;124mx:.2f[39m[38;5;130;01m}}[39;00m[38;5;124m s<br>x = %[39m[38;5;130;01m{{[39;00m[38;5;124my:.3f[39m[38;5;130;01m}}[39;00m[38;5;124m<extra></extra>[39m[38;5;124m"[39m[38;5;124m,[39m
[0;32m    336[0m [38;5;124m      [39m[38;5;130;01m}}[39;00m[38;5;124m,[39m
[0;32m    337[0m [38;5;124m      [39m[38;5;130;01m{{[39;00m
[0;32m    338[0m [38;5;124m        x: partialX,[39m
[0;32m    339[0m [38;5;124m        y: partialY,[39m
[0;32m    340[0m [38;5;124m        mode: [39m[38;5;124m"[39m[38;5;124mlines[39m[38;5;124m"[39m[38;5;124m,[39m
[0;32m    341[0m [38;5;124m        name: [39m[38;5;124m"[39m[38;5;124m已绘响应[39m[38;5;124m"[39m[38;5;124m,[39m
[0;32m    342[0m [38;5;124m        line: [39m[38;5;130;01m{{[39;00m[38;5;124m color: accent, width: 3.2 [39m[38;5;130;01m}}[39;00m[38;5;124m,[39m
[0;32m    343[0m [38;5;124m        hovertemplate: [39m[38;5;124m"[39m[38;5;124mt = %[39m[38;5;130;01m{{[39;00m[38;5;124mx:.2f[39m[38;5;130;01m}}[39;00m[38;5;124m s<br>x = %[39m[38;5;130;01m{{[39;00m[38;5;124my:.3f[39m[38;5;130;01m}}[39;00m[38;5;124m<extra></extra>[39m[38;5;124m"[39m[38;5;124m,[39m
[0;32m    344[0m [38;5;124m      [39m[38;5;130;01m}}[39;00m[38;5;124m,[39m
[0;32m    345[0m [38;5;124m      [39m[38;5;130;01m{{[39;00m
[0;32m    346[0m [38;5;124m        x: markerX,[39m
[0;32m    347[0m [38;5;124m        y: markerY,[39m
[0;32m    348[0m [38;5;124m        mode: [39m[38;5;124m"[39m[38;5;124mmarkers[39m[38;5;124m"[39m[38;5;124m,[39m
[0;32m    349[0m [38;5;124m        name: [39m[38;5;124m"[39m[38;5;124m当前点[39m[38;5;124m"[39m[38;5;124m,[39m
[0;32m    350[0m [38;5;124m        marker: [39m[38;5;130;01m{{[39;00m[38;5;124m size: 10, color: accent, line: [39m[38;5;130;01m{{[39;00m[38;5;124m color: [39m[38;5;124m"[39m[38;5;124mwhite[39m[38;5;124m"[39m[38;5;124m, width: 2 [39m[38;5;130;01m}}[39;00m[38;5;124m [39m[38;5;130;01m}}[39;00m[38;5;124m,[39m
[0;32m    351[0m [38;5;124m        hovertemplate: [39m[38;5;124m"[39m[38;5;124mt = %[39m[38;5;130;01m{{[39;00m[38;5;124mx:.2f[39m[38;5;130;01m}}[39;00m[38;5;124m s<br>x = %[39m[38;5;130;01m{{[39;00m[38;5;124my:.3f[39m[38;5;130;01m}}[39;00m[38;5;124m<extra></extra>[39m[38;5;124m"[39m[38;5;124m,[39m
[0;32m    352[0m [38;5;124m      [39m[38;5;130;01m}}[39;00m
[0;32m    353[0m [38;5;124m    ];[39m
[0;32m    354[0m [38;5;124m  [39m[38;5;130;01m}}[39;00m
[0;32m    355[0m 
[0;32m    356[0m [38;5;124m  function buildLayout() [39m[38;5;130;01m{{[39;00m
[0;32m    357[0m [38;5;124m    return [39m[38;5;130;01m{{[39;00m
[0;32m    358[0m [38;5;124m      margin: [39m[38;5;130;01m{{[39;00m[38;5;124m l: 62, r: 18, t: 18, b: 52 [39m[38;5;130;01m}}[39;00m[38;5;124m,[39m
[0;32m    359[0m [38;5;124m      paper_bgcolor: [39m[38;5;124m"[39m[38;5;124mrgba(0,0,0,0)[39m[38;5;124m"[39m[38;5;124m,[39m
[0;32m    360[0m [38;5;124m      plot_bgcolor: [39m[38;5;124m"[39m[38;5;124m#ffffff[39m[38;5;124m"[39m[38;5;124m,[39m
[0;32m    361[0m [38;5;124m      xaxis: [39m[38;5;130;01m{{[39;00m
[0;32m    362[0m [38;5;124m        title: [39m[38;5;124m"[39m[38;5;124m时间 t (s)[39m[38;5;124m"[39m[38;5;124m,[39m
[0;32m    363[0m [38;5;124m        range: [0, 10],[39m
[0;32m    364[0m [38;5;124m        showgrid: true,[39m
[0;32m    365[0m [38;5;124m        gridcolor: [39m[38;5;124m"[39m[38;5;124mrgba(148, 163, 184, 0.22)[39m[38;5;124m"[39m[38;5;124m,[39m
[0;32m    366[0m [38;5;124m        zeroline: false,[39m
[0;32m    367[0m [38;5;124m        showline: true,[39m
[0;32m    368[0m [38;5;124m        linecolor: [39m[38;5;124m"[39m[38;5;124mrgba(15, 23, 42, 0.28)[39m[38;5;124m"[39m[38;5;124m,[39m
[0;32m    369[0m [38;5;124m        ticks: [39m[38;5;124m"[39m[38;5;124moutside[39m[38;5;124m"[39m[38;5;124m,[39m
[0;32m    370[0m [38;5;124m      [39m[38;5;130;01m}}[39;00m[38;5;124m,[39m
[0;32m    371[0m [38;5;124m      yaxis: [39m[38;5;130;01m{{[39;00m
[1;32m--> 372[0m [38;5;124m        title: [39m[38;5;124m"[39m[38;5;124m归一化位移 [39m[38;5;130;01m\t[39;00m[38;5;124mextit[39m[38;5;132;01m{[39;00m[43mx[49m[38;5;132;01m}[39;00m[38;5;124m"[39m[38;5;124m,[39m
[0;32m    373[0m [38;5;124m        range: [-1.2, 1.2],[39m
[0;32m    374[0m [38;5;124m        showgrid: true,[39m
[0;32m    375[0m [38;5;124m        gridcolor: [39m[38;5;124m"[39m[38;5;124mrgba(148, 163, 184, 0.22)[39m[38;5;124m"[39m[38;5;124m,[39m
[0;32m    376[0m [38;5;124m        zeroline: true,[39m
[0;32m    377[0m [38;5;124m        zerolinecolor: [39m[38;5;124m"[39m[38;5;124mrgba(15, 23, 42, 0.18)[39m[38;5;124m"[39m[38;5;124m,[39m
[0;32m    378[0m [38;5;124m        zerolinewidth: 1.5,[39m
[0;32m    379[0m [38;5;124m      [39m[38;5;130;01m}}[39;00m[38;5;124m,[39m
[0;32m    380[0m [38;5;124m      legend: [39m[38;5;130;01m{{[39;00m
[0;32m    381[0m [38;5;124m        orientation: [39m[38;5;124m"[39m[38;5;124mh[39m[38;5;124m"[39m[38;5;124m,[39m
[0;32m    382[0m [38;5;124m        yanchor: [39m[38;5;124m"[39m[38;5;124mbottom[39m[38;5;124m"[39m[38;5;124m,[39m
[0;32m    383[0m [38;5;124m        y: 1.02,[39m
[0;32m    384[0m [38;5;124m        xanchor: [39m[38;5;124m"[39m[38;5;124mright[39m[38;5;124m"[39m[38;5;124m,[39m
[0;32m    385[0m [38;5;124m        x: 0.98,[39m
[0;32m    386[0m [38;5;124m        bgcolor: [39m[38;5;124m"[39m[38;5;124mrgba(255,255,255,0.72)[39m[38;5;124m"[39m[38;5;124m,[39m
[0;32m    387[0m [38;5;124m        bordercolor: [39m[38;5;124m"[39m[38;5;124mrgba(148, 163, 184, 0.20)[39m[38;5;124m"[39m[38;5;124m,[39m
[0;32m    388[0m [38;5;124m        borderwidth: 1,[39m
[0;32m    389[0m [38;5;124m      [39m[38;5;130;01m}}[39;00m[38;5;124m,[39m
[0;32m    390[0m [38;5;124m      hoverlabel: [39m[38;5;130;01m{{[39;00m
[0;32m    391[0m [38;5;124m        bgcolor: [39m[38;5;124m"[39m[38;5;124m#ffffff[39m[38;5;124m"[39m[38;5;124m,[39m
[0;32m    392[0m [38;5;124m        bordercolor: [39m[38;5;124m"[39m[38;5;124mrgba(15, 118, 110, 0.30)[39m[38;5;124m"[39m[38;5;124m,[39m
[0;32m    393[0m [38;5;124m        font: [39m[38;5;130;01m{{[39;00m[38;5;124m color: [39m[38;5;124m"[39m[38;5;124m#0f172a[39m[38;5;124m"[39m[38;5;124m [39m[38;5;130;01m}}[39;00m[38;5;124m,[39m
[0;32m    394[0m [38;5;124m      [39m[38;5;130;01m}}[39;00m[38;5;124m,[39m
[0;32m    395[0m [38;5;124m    [39m[38;5;130;01m}}[39;00m[38;5;124m;[39m
[0;32m    396[0m [38;5;124m  [39m[38;5;130;01m}}[39;00m
[0;32m    397[0m 
[0;32m    398[0m [38;5;124m  function updateReadouts(index) [39m[38;5;130;01m{{[39;00m
[0;32m    399[0m [38;5;124m    stateEl.textContent = `系统状态：$[39m[38;5;130;01m{{[39;00m[38;5;124mresponse.state[39m[38;5;130;01m}}[39;00m[38;5;124m`;[39m
[0;32m    400[0m [38;5;124m    if (descEl) descEl.textContent = response.description;[39m
[0;32m    401[0m [38;5;124m    zetaEl.textContent = `ζ = $[39m[38;5;130;01m{{[39;00m[38;5;124mresponse.zeta.toFixed(2)[39m[38;5;130;01m}}[39;00m[38;5;124m`;[39m
[0;32m    402[0m [38;5;124m    timeEl.textContent = `t = $[39m[38;5;130;01m{{[39;00m[38;5;124mtValues[index].toFixed(2)[39m[38;5;130;01m}}[39;00m[38;5;124m s`;[39m
[0;32m    403[0m [38;5;124m    displacementEl.textContent = `x = $[39m[38;5;130;01m{{[39;00m[38;5;124mresponse.yMain[index].toFixed(3)[39m[38;5;130;01m}}[39;00m[38;5;124m`;[39m
[0;32m    404[0m [38;5;124m  [39m[38;5;130;01m}}[39;00m
[0;32m    405[0m 
[0;32m    406[0m [38;5;124m  function buildSpringPoints(startX, endX, y) [39m[38;5;130;01m{{[39;00m
[0;32m    407[0m [38;5;124m    const points = [];[39m
[0;32m    408[0m [38;5;124m    const straight = 16;[39m
[0;32m    409[0m [38;5;124m    const turns = 9;[39m
[0;32m    410[0m [38;5;124m    const amplitude = 18;[39m
[0;32m    411[0m [38;5;124m    points.push(`$[39m[38;5;130;01m{{[39;00m[38;5;124mstartX[39m[38;5;130;01m}}[39;00m[38;5;124m,$[39m[38;5;130;01m{{[39;00m[38;5;124my[39m[38;5;130;01m}}[39;00m[38;5;124m`);[39m
[0;32m    412[0m [38;5;124m    points.push(`$[39m[38;5;130;01m{{[39;00m[38;5;124mstartX + straight[39m[38;5;130;01m}}[39;00m[38;5;124m,$[39m[38;5;130;01m{{[39;00m[38;5;124my[39m[38;5;130;01m}}[39;00m[38;5;124m`);[39m
[0;32m    413[0m [38;5;124m    const usable = Math.max(endX - startX - straight * 2, 30);[39m
[0;32m    414[0m [38;5;124m    const step = usable / (turns * 2);[39m
[0;32m    415[0m [38;5;124m    for (let i = 0; i < turns * 2; i += 1) [39m[38;5;130;01m{{[39;00m
[0;32m    416[0m [38;5;124m      const x = startX + straight + step * (i + 1);[39m
[0;32m    417[0m [38;5;124m      const offset = i % 2 === 0 ? -amplitude : amplitude;[39m
[0;32m    418[0m [38;5;124m      points.push(`$[39m[38;5;130;01m{{[39;00m[38;5;124mx[39m[38;5;130;01m}}[39;00m[38;5;124m,$[39m[38;5;130;01m{{[39;00m[38;5;124my + offset[39m[38;5;130;01m}}[39;00m[38;5;124m`);[39m
[0;32m    419[0m [38;5;124m    [39m[38;5;130;01m}}[39;00m
[0;32m    420[0m [38;5;124m    points.push(`$[39m[38;5;130;01m{{[39;00m[38;5;124mendX - straight[39m[38;5;130;01m}}[39;00m[38;5;124m,$[39m[38;5;130;01m{{[39;00m[38;5;124my[39m[38;5;130;01m}}[39;00m[38;5;124m`);[39m
[0;32m    421[0m [38;5;124m    points.push(`$[39m[38;5;130;01m{{[39;00m[38;5;124mendX[39m[38;5;130;01m}}[39;00m[38;5;124m,$[39m[38;5;130;01m{{[39;00m[38;5;124my[39m[38;5;130;01m}}[39;00m[38;5;124m`);[39m
[0;32m    422[0m [38;5;124m    return points.join([39m[38;5;124m"[39m[38;5;124m [39m[38;5;124m"[39m[38;5;124m);[39m
[0;32m    423[0m [38;5;124m  [39m[38;5;130;01m}}[39;00m
[0;32m    424[0m 
[0;32m    425[0m [38;5;124m  function updateOscillator(index) [39m[38;5;130;01m{{[39;00m
[0;32m    426[0m [38;5;124m    const displacement = response.yMain[index];[39m
[0;32m    427[0m [38;5;124m    const massX = equilibriumX + displacement * motionScale;[39m
[0;32m    428[0m [38;5;124m    const massLeft = massX - massWidth / 2;[39m
[0;32m    429[0m [38;5;124m    const damperAnchorX = massLeft;[39m
[0;32m    430[0m [38;5;124m    const pistonX = damperAnchorX - damperRodLength;[39m
[0;32m    431[0m [38;5;124m    massEl.setAttribute([39m[38;5;124m"[39m[38;5;124mx[39m[38;5;124m"[39m[38;5;124m, massLeft.toFixed(2));[39m
[0;32m    432[0m [38;5;124m    springEl.setAttribute([39m[38;5;124m"[39m[38;5;124mpoints[39m[38;5;124m"[39m[38;5;124m, buildSpringPoints(36, massLeft + 2, 108));[39m
[0;32m    433[0m [38;5;124m    damperPistonEl.setAttribute([39m[38;5;124m"[39m[38;5;124mx1[39m[38;5;124m"[39m[38;5;124m, pistonX.toFixed(2));[39m
[0;32m    434[0m [38;5;124m    damperPistonEl.setAttribute([39m[38;5;124m"[39m[38;5;124mx2[39m[38;5;124m"[39m[38;5;124m, pistonX.toFixed(2));[39m
[0;32m    435[0m [38;5;124m    damperPistonEl.setAttribute([39m[38;5;124m"[39m[38;5;124my1[39m[38;5;124m"[39m[38;5;124m, [39m[38;5;124m"[39m[38;5;124m58[39m[38;5;124m"[39m[38;5;124m);[39m
[0;32m    436[0m [38;5;124m    damperPistonEl.setAttribute([39m[38;5;124m"[39m[38;5;124my2[39m[38;5;124m"[39m[38;5;124m, [39m[38;5;124m"[39m[38;5;124m78[39m[38;5;124m"[39m[38;5;124m);[39m
[0;32m    437[0m [38;5;124m    damperRodEl.setAttribute([39m[38;5;124m"[39m[38;5;124mx1[39m[38;5;124m"[39m[38;5;124m, pistonX.toFixed(2));[39m
[0;32m    438[0m [38;5;124m    damperRodEl.setAttribute([39m[38;5;124m"[39m[38;5;124mx2[39m[38;5;124m"[39m[38;5;124m, damperAnchorX.toFixed(2));[39m
[0;32m    439[0m [38;5;124m    damperRodEl.setAttribute([39m[38;5;124m"[39m[38;5;124my1[39m[38;5;124m"[39m[38;5;124m, [39m[38;5;124m"[39m[38;5;124m68[39m[38;5;124m"[39m[38;5;124m);[39m
[0;32m    440[0m [38;5;124m    damperRodEl.setAttribute([39m[38;5;124m"[39m[38;5;124my2[39m[38;5;124m"[39m[38;5;124m, [39m[38;5;124m"[39m[38;5;124m68[39m[38;5;124m"[39m[38;5;124m);[39m
[0;32m    441[0m [38;5;124m  [39m[38;5;130;01m}}[39;00m
[0;32m    442[0m 
[0;32m    443[0m [38;5;124m  function renderPlot(index, fullRedraw) [39m[38;5;130;01m{{[39;00m
[0;32m    444[0m [38;5;124m    const partialX = tValues.slice(0, index + 1);[39m
[0;32m    445[0m [38;5;124m    const partialY = response.yMain.slice(0, index + 1);[39m
[0;32m    446[0m [38;5;124m    const markerX = [tValues[index]];[39m
[0;32m    447[0m [38;5;124m    const markerY = [response.yMain[index]];[39m
[0;32m    448[0m 
[0;32m    449[0m [38;5;124m    if (fullRedraw) [39m[38;5;130;01m{{[39;00m
[0;32m    450[0m [38;5;124m      Plotly.react(plotEl, buildPlotData(index), buildLayout(), [39m[38;5;130;01m{{[39;00m
[0;32m    451[0m [38;5;124m        displayModeBar: false,[39m
[0;32m    452[0m [38;5;124m        responsive: true,[39m
[0;32m    453[0m [38;5;124m      [39m[38;5;130;01m}}[39;00m[38;5;124m);[39m
[0;32m    454[0m [38;5;124m    [39m[38;5;130;01m}}[39;00m[38;5;124m else [39m[38;5;130;01m{{[39;00m
[0;32m    455[0m [38;5;124m      Plotly.restyle(plotEl, [39m[38;5;130;01m{{[39;00m[38;5;124m x: [partialX], y: [partialY] [39m[38;5;130;01m}}[39;00m[38;5;124m, [3]);[39m
[0;32m    456[0m [38;5;124m      Plotly.restyle(plotEl, [39m[38;5;130;01m{{[39;00m[38;5;124m x: [markerX], y: [markerY] [39m[38;5;130;01m}}[39;00m[38;5;124m, [4]);[39m
[0;32m    457[0m [38;5;124m    [39m[38;5;130;01m}}[39;00m
[0;32m    458[0m [38;5;124m  [39m[38;5;130;01m}}[39;00m
[0;32m    459[0m 
[0;32m    460[0m [38;5;124m  function syncScene(index, fullRedraw = false) [39m[38;5;130;01m{{[39;00m
[0;32m    461[0m [38;5;124m    currentIndex = index;[39m
[0;32m    462[0m [38;5;124m    updateReadouts(index);[39m
[0;32m    463[0m [38;5;124m    updateOscillator(index);[39m
[0;32m    464[0m [38;5;124m    renderPlot(index, fullRedraw);[39m
[0;32m    465[0m [38;5;124m  [39m[38;5;130;01m}}[39;00m
[0;32m    466[0m 
[0;32m    467[0m [38;5;124m  function stopAnimation() [39m[38;5;130;01m{{[39;00m
[0;32m    468[0m [38;5;124m    isPlaying = false;[39m
[0;32m    469[0m [38;5;124m    startTimestamp = null;[39m
[0;32m    470[0m [38;5;124m    if (rafId) cancelAnimationFrame(rafId);[39m
[0;32m    471[0m [38;5;124m    rafId = null;[39m
[0;32m    472[0m [38;5;124m    playBtn.textContent = [39m[38;5;124m"[39m[38;5;124m播放[39m[38;5;124m"[39m[38;5;124m;[39m
[0;32m    473[0m [38;5;124m  [39m[38;5;130;01m}}[39;00m
[0;32m    474[0m 
[0;32m    475[0m [38;5;124m  function stepAnimation(timestamp) [39m[38;5;130;01m{{[39;00m
[0;32m    476[0m [38;5;124m    if (!isPlaying) return;[39m
[0;32m    477[0m [38;5;124m    if (startTimestamp === null) [39m[38;5;130;01m{{[39;00m
[0;32m    478[0m [38;5;124m      startTimestamp = timestamp - (currentIndex / (tValues.length - 1)) * playbackDuration;[39m
[0;32m    479[0m [38;5;124m    [39m[38;5;130;01m}}[39;00m
[0;32m    480[0m [38;5;124m    const progress = Math.min((timestamp - startTimestamp) / playbackDuration, 1);[39m
[0;32m    481[0m [38;5;124m    const nextIndex = Math.min(Math.floor(progress * (tValues.length - 1)), tValues.length - 1);[39m
[0;32m    482[0m [38;5;124m    if (nextIndex !== currentIndex) [39m[38;5;130;01m{{[39;00m
[0;32m    483[0m [38;5;124m      syncScene(nextIndex, false);[39m
[0;32m    484[0m [38;5;124m    [39m[38;5;130;01m}}[39;00m
[0;32m    485[0m [38;5;124m    if (progress >= 1) [39m[38;5;130;01m{{[39;00m
[0;32m    486[0m [38;5;124m      stopAnimation();[39m
[0;32m    487[0m [38;5;124m      return;[39m
[0;32m    488[0m [38;5;124m    [39m[38;5;130;01m}}[39;00m
[0;32m    489[0m [38;5;124m    rafId = requestAnimationFrame(stepAnimation);[39m
[0;32m    490[0m [38;5;124m  [39m[38;5;130;01m}}[39;00m
[0;32m    491[0m 
[0;32m    492[0m [38;5;124m  function startAnimation(fromBeginning = false) [39m[38;5;130;01m{{[39;00m
[0;32m    493[0m [38;5;124m    if (fromBeginning) [39m[38;5;130;01m{{[39;00m
[0;32m    494[0m [38;5;124m      stopAnimation();[39m
[0;32m    495[0m [38;5;124m      syncScene(0, true);[39m
[0;32m    496[0m [38;5;124m    [39m[38;5;130;01m}}[39;00m
[0;32m    497[0m [38;5;124m    isPlaying = true;[39m
[0;32m    498[0m [38;5;124m    startTimestamp = null;[39m
[0;32m    499[0m [38;5;124m    playBtn.textContent = [39m[38;5;124m"[39m[38;5;124m暂停[39m[38;5;124m"[39m[38;5;124m;[39m
[0;32m    500[0m [38;5;124m    rafId = requestAnimationFrame(stepAnimation);[39m
[0;32m    501[0m [38;5;124m  [39m[38;5;130;01m}}[39;00m
[0;32m    502[0m 
[0;32m    503[0m [38;5;124m  function toggleAnimation() [39m[38;5;130;01m{{[39;00m
[0;32m    504[0m [38;5;124m    if (isPlaying) [39m[38;5;130;01m{{[39;00m
[0;32m    505[0m [38;5;124m      stopAnimation();[39m
[0;32m    506[0m [38;5;124m    [39m[38;5;130;01m}}[39;00m[38;5;124m else [39m[38;5;130;01m{{[39;00m
[0;32m    507[0m [38;5;124m      if (currentIndex >= tValues.length - 1) [39m[38;5;130;01m{{[39;00m
[0;32m    508[0m [38;5;124m        syncScene(0, true);[39m
[0;32m    509[0m [38;5;124m      [39m[38;5;130;01m}}[39;00m
[0;32m    510[0m [38;5;124m      startAnimation(false);[39m
[0;32m    511[0m [38;5;124m    [39m[38;5;130;01m}}[39;00m
[0;32m    512[0m [38;5;124m  [39m[38;5;130;01m}}[39;00m
[0;32m    513[0m 
[0;32m    514[0m [38;5;124m  function applyZeta(stepIndex) [39m[38;5;130;01m{{[39;00m
[0;32m    515[0m [38;5;124m    currentStep = stepIndex;[39m
[0;32m    516[0m [38;5;124m    sliderEl.value = String(stepIndex);[39m
[0;32m    517[0m [38;5;124m    response = computeResponse(zetaValues[stepIndex]);[39m
[0;32m    518[0m [38;5;124m    stopAnimation();[39m
[0;32m    519[0m [38;5;124m    syncScene(0, true);[39m
[0;32m    520[0m [38;5;124m    startAnimation(false);[39m
[0;32m    521[0m [38;5;124m  [39m[38;5;130;01m}}[39;00m
[0;32m    522[0m 
[0;32m    523[0m [38;5;124m  sliderEl.addEventListener([39m[38;5;124m"[39m[38;5;124minput[39m[38;5;124m"[39m[38;5;124m, (event) => [39m[38;5;130;01m{{[39;00m
[0;32m    524[0m [38;5;124m    applyZeta(Number(event.target.value));[39m
[0;32m    525[0m [38;5;124m  [39m[38;5;130;01m}}[39;00m[38;5;124m);[39m
[0;32m    526[0m 
[0;32m    527[0m [38;5;124m  playBtn.addEventListener([39m[38;5;124m"[39m[38;5;124mclick[39m[38;5;124m"[39m[38;5;124m, () => [39m[38;5;130;01m{{[39;00m
[0;32m    528[0m [38;5;124m    toggleAnimation();[39m
[0;32m    529[0m [38;5;124m  [39m[38;5;130;01m}}[39;00m[38;5;124m);[39m
[0;32m    530[0m 
[0;32m    531[0m [38;5;124m  resetBtn.addEventListener([39m[38;5;124m"[39m[38;5;124mclick[39m[38;5;124m"[39m[38;5;124m, () => [39m[38;5;130;01m{{[39;00m
[0;32m    532[0m [38;5;124m    applyZeta(currentStep);[39m
[0;32m    533[0m [38;5;124m  [39m[38;5;130;01m}}[39;00m[38;5;124m);[39m
[0;32m    534[0m 
[0;32m    535[0m [38;5;124m  syncScene(0, true);[39m
[0;32m    536[0m [38;5;124m  startAnimation(false);[39m
[0;32m    537[0m [38;5;130;01m}}[39;00m[38;5;124m)();[39m
[0;32m    538[0m [38;5;124m</script>[39m
[0;32m    539[0m [38;5;124m"""[39m
[0;32m    541[0m display(HTML(html))

[1;31mNameError[0m: name 'x' is not defined

